I0226 15:53:45.032680 24527 processor.cc:820] Processor: start processing batch b0c63fb6-4b36-4282-8cdc-e90bf10a407c into model nwt
I0226 15:53:45.035413 24526 processor.cc:820] Processor: start processing batch 9a5a54df-72a5-4028-9ba1-33b3287c4926 into model nwt
I0226 15:53:45.035820 24529 processor.cc:820] Processor: start processing batch ce865d53-49e4-4138-ae60-aa72b0428ce6 into model nwt
I0226 15:53:45.039389 24528 processor.cc:925] Processor: complete processing batch 2dfb68b5-23fc-4e06-8b86-c9da80285ec2 into model nwt
I0226 15:53:45.041322 24528 cuckoo_watch.h:45] 87ms in ProcessBatch(/home/diannao/Documents/java-design-patterns_processed/java-design-patterns_batches/aaaaak.batch) [including 4ms in LoadMessage; 0ms in InitializeSparseNdw; 0ms in InitializeTheta; 0ms in CreateRegularizerAgents; 36ms in InferThetaAndUpdateNwtSparse; 0ms in UpdateCacheEntry; 22ms in CalculateScore(PerplexityScore); 5ms in CalculateScore(SparsityThetaScore); 15ms in CalculateScore(^^^ItemsProcessedScore^^^); ]
I0226 15:53:45.042122 24528 processor.cc:820] Processor: start processing batch 0578385a-9428-4774-8f72-0ec0816a0a58 into model nwt
I0226 15:53:45.055552 24528 processor.cc:925] Processor: complete processing batch 0578385a-9428-4774-8f72-0ec0816a0a58 into model nwt
I0226 15:53:45.056037 24528 cuckoo_watch.h:45] 14ms in ProcessBatch(/home/diannao/Documents/java-design-patterns_processed/java-design-patterns_batches/aaaaal.batch) [including 0ms in LoadMessage; 0ms in InitializeSparseNdw; 0ms in InitializeTheta; 0ms in CreateRegularizerAgents; 5ms in InferThetaAndUpdateNwtSparse; 0ms in UpdateCacheEntry; 3ms in CalculateScore(PerplexityScore); 0ms in CalculateScore(SparsityThetaScore); 2ms in CalculateScore(^^^ItemsProcessedScore^^^); ]
I0226 15:53:45.060578 24528 processor.cc:820] Processor: start processing batch 64852ca8-12fe-45cd-a088-516bc25ab109 into model nwt
I0226 15:53:45.112586 24527 processor.cc:925] Processor: complete processing batch b0c63fb6-4b36-4282-8cdc-e90bf10a407c into model nwt
I0226 15:53:45.114625 24527 cuckoo_watch.h:45] 86ms in ProcessBatch(/home/diannao/Documents/java-design-patterns_processed/java-design-patterns_batches/aaaaab.batch) [including 4ms in LoadMessage; 0ms in InitializeSparseNdw; 0ms in InitializeTheta; 0ms in CreateRegularizerAgents; 35ms in InferThetaAndUpdateNwtSparse; 0ms in UpdateCacheEntry; 22ms in CalculateScore(PerplexityScore); 5ms in CalculateScore(SparsityThetaScore); 15ms in CalculateScore(^^^ItemsProcessedScore^^^); ]
I0226 15:53:45.114962 24526 processor.cc:925] Processor: complete processing batch 9a5a54df-72a5-4028-9ba1-33b3287c4926 into model nwt
I0226 15:53:45.115200 24529 processor.cc:925] Processor: complete processing batch ce865d53-49e4-4138-ae60-aa72b0428ce6 into model nwt
I0226 15:53:45.117080 24526 cuckoo_watch.h:45] 86ms in ProcessBatch(/home/diannao/Documents/java-design-patterns_processed/java-design-patterns_batches/aaaaaj.batch) [including 4ms in LoadMessage; 0ms in InitializeSparseNdw; 0ms in InitializeTheta; 0ms in CreateRegularizerAgents; 36ms in InferThetaAndUpdateNwtSparse; 0ms in UpdateCacheEntry; 21ms in CalculateScore(PerplexityScore); 5ms in CalculateScore(SparsityThetaScore); 14ms in CalculateScore(^^^ItemsProcessedScore^^^); ]
I0226 15:53:45.117476 24529 cuckoo_watch.h:45] 86ms in ProcessBatch(/home/diannao/Documents/java-design-patterns_processed/java-design-patterns_batches/aaaaag.batch) [including 4ms in LoadMessage; 0ms in InitializeSparseNdw; 0ms in InitializeTheta; 0ms in CreateRegularizerAgents; 35ms in InferThetaAndUpdateNwtSparse; 0ms in UpdateCacheEntry; 21ms in CalculateScore(PerplexityScore); 5ms in CalculateScore(SparsityThetaScore); 14ms in CalculateScore(^^^ItemsProcessedScore^^^); ]
I0226 15:53:45.118846 24527 processor.cc:820] Processor: start processing batch 89725da0-82a8-4b48-9395-7ea4484d53ee into model nwt
I0226 15:53:45.121747 24526 processor.cc:820] Processor: start processing batch ee218d30-8fea-46b4-9ab7-70b3e051a7c6 into model nwt
I0226 15:53:45.122071 24529 processor.cc:820] Processor: start processing batch 8cec64a0-5439-49b9-a507-d299fb1b6425 into model nwt
I0226 15:53:45.143692 24528 processor.cc:925] Processor: complete processing batch 64852ca8-12fe-45cd-a088-516bc25ab109 into model nwt
I0226 15:53:45.145880 24528 cuckoo_watch.h:45] 89ms in ProcessBatch(/home/diannao/Documents/java-design-patterns_processed/java-design-patterns_batches/aaaaad.batch) [including 4ms in LoadMessage; 0ms in InitializeSparseNdw; 0ms in InitializeTheta; 0ms in CreateRegularizerAgents; 37ms in InferThetaAndUpdateNwtSparse; 1ms in UpdateCacheEntry; 23ms in CalculateScore(PerplexityScore); 5ms in CalculateScore(SparsityThetaScore); 15ms in CalculateScore(^^^ItemsProcessedScore^^^); ]
I0226 15:53:45.166218 24528 processor.cc:740] No data in processing queue, waiting...
I0226 15:53:45.180245 24527 processor.cc:925] Processor: complete processing batch 89725da0-82a8-4b48-9395-7ea4484d53ee into model nwt
I0226 15:53:45.181609 24527 cuckoo_watch.h:45] 66ms in ProcessBatch(/home/diannao/Documents/java-design-patterns_processed/java-design-patterns_batches/aaaaah.batch) [including 4ms in LoadMessage; 0ms in InitializeSparseNdw; 0ms in InitializeTheta; 0ms in CreateRegularizerAgents; 32ms in InferThetaAndUpdateNwtSparse; 0ms in UpdateCacheEntry; 15ms in CalculateScore(PerplexityScore); 2ms in CalculateScore(SparsityThetaScore); 9ms in CalculateScore(^^^ItemsProcessedScore^^^); ]
I0226 15:53:45.198798 24526 processor.cc:925] Processor: complete processing batch ee218d30-8fea-46b4-9ab7-70b3e051a7c6 into model nwt
I0226 15:53:45.200127 24529 processor.cc:925] Processor: complete processing batch 8cec64a0-5439-49b9-a507-d299fb1b6425 into model nwt
I0226 15:53:45.200839 24526 cuckoo_watch.h:45] 83ms in ProcessBatch(/home/diannao/Documents/java-design-patterns_processed/java-design-patterns_batches/aaaaaa.batch) [including 4ms in LoadMessage; 0ms in InitializeSparseNdw; 0ms in InitializeTheta; 0ms in CreateRegularizerAgents; 35ms in InferThetaAndUpdateNwtSparse; 0ms in UpdateCacheEntry; 21ms in CalculateScore(PerplexityScore); 5ms in CalculateScore(SparsityThetaScore); 14ms in CalculateScore(^^^ItemsProcessedScore^^^); ]
I0226 15:53:45.201735 24529 cuckoo_watch.h:45] 84ms in ProcessBatch(/home/diannao/Documents/java-design-patterns_processed/java-design-patterns_batches/aaaaai.batch) [including 4ms in LoadMessage; 0ms in InitializeSparseNdw; 0ms in InitializeTheta; 0ms in CreateRegularizerAgents; 35ms in InferThetaAndUpdateNwtSparse; 0ms in UpdateCacheEntry; 21ms in CalculateScore(PerplexityScore); 5ms in CalculateScore(SparsityThetaScore); 14ms in CalculateScore(^^^ItemsProcessedScore^^^); ]
I0226 15:53:45.202179 23947 master_component.cc:1436] RegularizeModelArgs: rwt_target_name=rwt, pwt_source_name=pwt, nwt_source_name=nwt
I0226 15:53:45.202190 23947 master_component.cc:976] MasterComponent: start regularizing model pwt
I0226 15:53:45.202500 24527 processor.cc:740] No data in processing queue, waiting...
I0226 15:53:45.221582 24526 processor.cc:740] No data in processing queue, waiting...
I0226 15:53:45.222678 24529 processor.cc:740] No data in processing queue, waiting...
I0226 15:53:45.326864 23947 master_component.cc:1002] MasterComponent: complete regularizing model pwt
I0226 15:53:45.326890 23947 master_component.cc:1449] NormalizeModelArgs: pwt_target_name=pwt, nwt_source_name=nwt, rwt_source_name=rwt
I0226 15:53:45.326894 23947 master_component.cc:1006] MasterComponent: start normalizing model nwt
I0226 15:53:45.368041 23947 master_component.cc:1034] MasterComponent: complete normalizing model nwt
I0226 15:53:45.470819 23947 master_component.cc:1473] DisposeModel rwt
I0226 15:53:45.473467 23947 master_component.cc:1059] FitOffline: ItemsProcessed, num_items=11164, num_batches=12, token_weight=693800, token_weight_in_effect=693800
I0226 15:53:45.473672 23947 c_interface.cc:389] Pass FitOfflineMasterModelArgs, batch_filename_size=12, batch_weight_size=12, num_collection_passes=1, reset_nwt=yes to MN4artm4core15MasterComponentEFvRKNS_25FitOfflineMasterModelArgsEE
I0226 15:53:45.473704 23947 master_component.cc:1398] ProcessBatchesArgs: nwt_target_name=nwt, batch_filename_size=12, batch_size=0, batch_weight_size=12, pwt_source_name=pwt, num_document_passes=1, regularizer=(name:SparseTheta, tau:-0.15), regularizer=(name:SparsePhi, tau:-0.1), regularizer=(name:DecorrelatorPhi, tau:150000), reuse_theta=no, opt_for_avx=yes, predict_class_id=, reset_nwt=yes
I0226 15:53:45.485329 24528 processor.cc:747] Processing queue has data, processing started
I0226 15:53:45.485675 24527 processor.cc:747] Processing queue has data, processing started
I0226 15:53:45.486393 24526 processor.cc:747] Processing queue has data, processing started
I0226 15:53:45.489847 24527 processor.cc:820] Processor: start processing batch a0797a75-d777-4932-99c5-388ce6d19fdc into model nwt
I0226 15:53:45.490089 24528 processor.cc:820] Processor: start processing batch 04e3ab91-276b-43e1-b1f0-05eaa3aa2a5b into model nwt
I0226 15:53:45.490290 24529 processor.cc:747] Processing queue has data, processing started
I0226 15:53:45.493522 24526 processor.cc:820] Processor: start processing batch f96f3568-856f-4ba0-baf1-eebea13f5754 into model nwt
I0226 15:53:45.494547 24529 processor.cc:820] Processor: start processing batch 2dfb68b5-23fc-4e06-8b86-c9da80285ec2 into model nwt
I0226 15:53:45.567103 24528 processor.cc:925] Processor: complete processing batch 04e3ab91-276b-43e1-b1f0-05eaa3aa2a5b into model nwt
I0226 15:53:45.569093 24528 cuckoo_watch.h:45] 83ms in ProcessBatch(/home/diannao/Documents/java-design-patterns_processed/java-design-patterns_batches/aaaaac.batch) [including 4ms in LoadMessage; 0ms in InitializeSparseNdw; 0ms in InitializeTheta; 0ms in CreateRegularizerAgents; 35ms in InferThetaAndUpdateNwtSparse; 1ms in UpdateCacheEntry; 20ms in CalculateScore(PerplexityScore); 4ms in CalculateScore(SparsityThetaScore); 14ms in CalculateScore(^^^ItemsProcessedScore^^^); ]
I0226 15:53:45.569427 24527 processor.cc:925] Processor: complete processing batch a0797a75-d777-4932-99c5-388ce6d19fdc into model nwt
I0226 15:53:45.571446 24527 cuckoo_watch.h:45] 85ms in ProcessBatch(/home/diannao/Documents/java-design-patterns_processed/java-design-patterns_batches/aaaaae.batch) [including 4ms in LoadMessage; 0ms in InitializeSparseNdw; 0ms in InitializeTheta; 0ms in CreateRegularizerAgents; 35ms in InferThetaAndUpdateNwtSparse; 1ms in UpdateCacheEntry; 21ms in CalculateScore(PerplexityScore); 4ms in CalculateScore(SparsityThetaScore); 14ms in CalculateScore(^^^ItemsProcessedScore^^^); ]
I0226 15:53:45.571725 24526 processor.cc:925] Processor: complete processing batch f96f3568-856f-4ba0-baf1-eebea13f5754 into model nwt
I0226 15:53:45.573678 24528 processor.cc:820] Processor: start processing batch b0c63fb6-4b36-4282-8cdc-e90bf10a407c into model nwt
I0226 15:53:45.573777 24526 cuckoo_watch.h:45] 87ms in ProcessBatch(/home/diannao/Documents/java-design-patterns_processed/java-design-patterns_batches/aaaaaf.batch) [including 7ms in LoadMessage; 0ms in InitializeSparseNdw; 0ms in InitializeTheta; 0ms in CreateRegularizerAgents; 35ms in InferThetaAndUpdateNwtSparse; 0ms in UpdateCacheEntry; 21ms in CalculateScore(PerplexityScore); 5ms in CalculateScore(SparsityThetaScore); 14ms in CalculateScore(^^^ItemsProcessedScore^^^); ]
I0226 15:53:45.574342 24529 processor.cc:925] Processor: complete processing batch 2dfb68b5-23fc-4e06-8b86-c9da80285ec2 into model nwt
I0226 15:53:45.575817 24527 processor.cc:820] Processor: start processing batch 9a5a54df-72a5-4028-9ba1-33b3287c4926 into model nwt
I0226 15:53:45.576903 24529 cuckoo_watch.h:45] 86ms in ProcessBatch(/home/diannao/Documents/java-design-patterns_processed/java-design-patterns_batches/aaaaak.batch) [including 4ms in LoadMessage; 0ms in InitializeSparseNdw; 0ms in InitializeTheta; 0ms in CreateRegularizerAgents; 36ms in InferThetaAndUpdateNwtSparse; 0ms in UpdateCacheEntry; 21ms in CalculateScore(PerplexityScore); 5ms in CalculateScore(SparsityThetaScore); 15ms in CalculateScore(^^^ItemsProcessedScore^^^); ]
I0226 15:53:45.577685 24529 processor.cc:820] Processor: start processing batch 0578385a-9428-4774-8f72-0ec0816a0a58 into model nwt
I0226 15:53:45.578132 24526 processor.cc:820] Processor: start processing batch ce865d53-49e4-4138-ae60-aa72b0428ce6 into model nwt
I0226 15:53:45.590508 24529 processor.cc:925] Processor: complete processing batch 0578385a-9428-4774-8f72-0ec0816a0a58 into model nwt
I0226 15:53:45.590910 24529 cuckoo_watch.h:45] 13ms in ProcessBatch(/home/diannao/Documents/java-design-patterns_processed/java-design-patterns_batches/aaaaal.batch) [including 0ms in LoadMessage; 0ms in InitializeSparseNdw; 0ms in InitializeTheta; 0ms in CreateRegularizerAgents; 5ms in InferThetaAndUpdateNwtSparse; 0ms in UpdateCacheEntry; 3ms in CalculateScore(PerplexityScore); 0ms in CalculateScore(SparsityThetaScore); 2ms in CalculateScore(^^^ItemsProcessedScore^^^); ]
I0226 15:53:45.595270 24529 processor.cc:820] Processor: start processing batch 64852ca8-12fe-45cd-a088-516bc25ab109 into model nwt
I0226 15:53:45.653439 24528 processor.cc:925] Processor: complete processing batch b0c63fb6-4b36-4282-8cdc-e90bf10a407c into model nwt
I0226 15:53:45.654531 24527 processor.cc:925] Processor: complete processing batch 9a5a54df-72a5-4028-9ba1-33b3287c4926 into model nwt
I0226 15:53:45.655565 24528 cuckoo_watch.h:45] 86ms in ProcessBatch(/home/diannao/Documents/java-design-patterns_processed/java-design-patterns_batches/aaaaab.batch) [including 4ms in LoadMessage; 0ms in InitializeSparseNdw; 0ms in InitializeTheta; 0ms in CreateRegularizerAgents; 36ms in InferThetaAndUpdateNwtSparse; 0ms in UpdateCacheEntry; 21ms in CalculateScore(PerplexityScore); 5ms in CalculateScore(SparsityThetaScore); 14ms in CalculateScore(^^^ItemsProcessedScore^^^); ]
I0226 15:53:45.656879 24527 cuckoo_watch.h:45] 85ms in ProcessBatch(/home/diannao/Documents/java-design-patterns_processed/java-design-patterns_batches/aaaaaj.batch) [including 4ms in LoadMessage; 0ms in InitializeSparseNdw; 0ms in InitializeTheta; 0ms in CreateRegularizerAgents; 35ms in InferThetaAndUpdateNwtSparse; 0ms in UpdateCacheEntry; 21ms in CalculateScore(PerplexityScore); 5ms in CalculateScore(SparsityThetaScore); 14ms in CalculateScore(^^^ItemsProcessedScore^^^); ]
I0226 15:53:45.658919 24526 processor.cc:925] Processor: complete processing batch ce865d53-49e4-4138-ae60-aa72b0428ce6 into model nwt
I0226 15:53:45.659947 24528 processor.cc:820] Processor: start processing batch 89725da0-82a8-4b48-9395-7ea4484d53ee into model nwt
I0226 15:53:45.661015 24526 cuckoo_watch.h:45] 87ms in ProcessBatch(/home/diannao/Documents/java-design-patterns_processed/java-design-patterns_batches/aaaaag.batch) [including 4ms in LoadMessage; 0ms in InitializeSparseNdw; 0ms in InitializeTheta; 0ms in CreateRegularizerAgents; 36ms in InferThetaAndUpdateNwtSparse; 0ms in UpdateCacheEntry; 22ms in CalculateScore(PerplexityScore); 5ms in CalculateScore(SparsityThetaScore); 15ms in CalculateScore(^^^ItemsProcessedScore^^^); ]
I0226 15:53:45.661411 24527 processor.cc:820] Processor: start processing batch ee218d30-8fea-46b4-9ab7-70b3e051a7c6 into model nwt
I0226 15:53:45.665369 24526 processor.cc:820] Processor: start processing batch 8cec64a0-5439-49b9-a507-d299fb1b6425 into model nwt
I0226 15:53:45.676321 24529 processor.cc:925] Processor: complete processing batch 64852ca8-12fe-45cd-a088-516bc25ab109 into model nwt
I0226 15:53:45.678447 24529 cuckoo_watch.h:45] 87ms in ProcessBatch(/home/diannao/Documents/java-design-patterns_processed/java-design-patterns_batches/aaaaad.batch) [including 4ms in LoadMessage; 0ms in InitializeSparseNdw; 0ms in InitializeTheta; 0ms in CreateRegularizerAgents; 36ms in InferThetaAndUpdateNwtSparse; 1ms in UpdateCacheEntry; 22ms in CalculateScore(PerplexityScore); 5ms in CalculateScore(SparsityThetaScore); 14ms in CalculateScore(^^^ItemsProcessedScore^^^); ]
I0226 15:53:45.698676 24529 processor.cc:740] No data in processing queue, waiting...
I0226 15:53:45.720033 24527 processor.cc:925] Processor: complete processing batch ee218d30-8fea-46b4-9ab7-70b3e051a7c6 into model nwt
I0226 15:53:45.721443 24527 cuckoo_watch.h:45] 64ms in ProcessBatch(/home/diannao/Documents/java-design-patterns_processed/java-design-patterns_batches/aaaaaa.batch) [including 4ms in LoadMessage; 0ms in InitializeSparseNdw; 0ms in InitializeTheta; 0ms in CreateRegularizerAgents; 29ms in InferThetaAndUpdateNwtSparse; 0ms in UpdateCacheEntry; 15ms in CalculateScore(PerplexityScore); 3ms in CalculateScore(SparsityThetaScore); 9ms in CalculateScore(^^^ItemsProcessedScore^^^); ]
I0226 15:53:45.737174 24528 processor.cc:925] Processor: complete processing batch 89725da0-82a8-4b48-9395-7ea4484d53ee into model nwt
I0226 15:53:45.739080 24528 cuckoo_watch.h:45] 83ms in ProcessBatch(/home/diannao/Documents/java-design-patterns_processed/java-design-patterns_batches/aaaaah.batch) [including 4ms in LoadMessage; 0ms in InitializeSparseNdw; 0ms in InitializeTheta; 0ms in CreateRegularizerAgents; 35ms in InferThetaAndUpdateNwtSparse; 0ms in UpdateCacheEntry; 21ms in CalculateScore(PerplexityScore); 4ms in CalculateScore(SparsityThetaScore); 14ms in CalculateScore(^^^ItemsProcessedScore^^^); ]
I0226 15:53:45.741991 24526 processor.cc:925] Processor: complete processing batch 8cec64a0-5439-49b9-a507-d299fb1b6425 into model nwt
I0226 15:53:45.742323 24527 processor.cc:740] No data in processing queue, waiting...
I0226 15:53:45.743279 24526 cuckoo_watch.h:45] 82ms in ProcessBatch(/home/diannao/Documents/java-design-patterns_processed/java-design-patterns_batches/aaaaai.batch) [including 4ms in LoadMessage; 0ms in InitializeSparseNdw; 0ms in InitializeTheta; 0ms in CreateRegularizerAgents; 35ms in InferThetaAndUpdateNwtSparse; 0ms in UpdateCacheEntry; 21ms in CalculateScore(PerplexityScore); 4ms in CalculateScore(SparsityThetaScore); 12ms in CalculateScore(^^^ItemsProcessedScore^^^); ]
I0226 15:53:45.743558 23947 master_component.cc:1436] RegularizeModelArgs: rwt_target_name=rwt, pwt_source_name=pwt, nwt_source_name=nwt
I0226 15:53:45.743569 23947 master_component.cc:976] MasterComponent: start regularizing model pwt
I0226 15:53:45.759586 24528 processor.cc:740] No data in processing queue, waiting...
I0226 15:53:45.763836 24526 processor.cc:740] No data in processing queue, waiting...
I0226 15:53:45.868539 23947 master_component.cc:1002] MasterComponent: complete regularizing model pwt
I0226 15:53:45.868571 23947 master_component.cc:1449] NormalizeModelArgs: pwt_target_name=pwt, nwt_source_name=nwt, rwt_source_name=rwt
I0226 15:53:45.868577 23947 master_component.cc:1006] MasterComponent: start normalizing model nwt
I0226 15:53:45.909348 23947 master_component.cc:1034] MasterComponent: complete normalizing model nwt
I0226 15:53:46.008939 23947 master_component.cc:1473] DisposeModel rwt
I0226 15:53:46.011420 23947 master_component.cc:1059] FitOffline: ItemsProcessed, num_items=11164, num_batches=12, token_weight=693800, token_weight_in_effect=693800
I0226 15:53:46.011633 23947 c_interface.cc:389] Pass FitOfflineMasterModelArgs, batch_filename_size=12, batch_weight_size=12, num_collection_passes=1, reset_nwt=yes to MN4artm4core15MasterComponentEFvRKNS_25FitOfflineMasterModelArgsEE
I0226 15:53:46.011667 23947 master_component.cc:1398] ProcessBatchesArgs: nwt_target_name=nwt, batch_filename_size=12, batch_size=0, batch_weight_size=12, pwt_source_name=pwt, num_document_passes=1, regularizer=(name:SparseTheta, tau:-0.15), regularizer=(name:SparsePhi, tau:-0.1), regularizer=(name:DecorrelatorPhi, tau:150000), reuse_theta=no, opt_for_avx=yes, predict_class_id=, reset_nwt=yes
I0226 15:53:46.023070 24527 processor.cc:747] Processing queue has data, processing started
I0226 15:53:46.023412 24526 processor.cc:747] Processing queue has data, processing started
I0226 15:53:46.024334 24529 processor.cc:747] Processing queue has data, processing started
I0226 15:53:46.027254 24527 processor.cc:820] Processor: start processing batch 04e3ab91-276b-43e1-b1f0-05eaa3aa2a5b into model nwt
I0226 15:53:46.027881 24526 processor.cc:820] Processor: start processing batch a0797a75-d777-4932-99c5-388ce6d19fdc into model nwt
I0226 15:53:46.029214 24529 processor.cc:820] Processor: start processing batch f96f3568-856f-4ba0-baf1-eebea13f5754 into model nwt
I0226 15:53:46.031445 24528 processor.cc:747] Processing queue has data, processing started
I0226 15:53:46.035833 24528 processor.cc:820] Processor: start processing batch 2dfb68b5-23fc-4e06-8b86-c9da80285ec2 into model nwt
I0226 15:53:46.102954 24527 processor.cc:925] Processor: complete processing batch 04e3ab91-276b-43e1-b1f0-05eaa3aa2a5b into model nwt
I0226 15:53:46.104950 24527 cuckoo_watch.h:45] 81ms in ProcessBatch(/home/diannao/Documents/java-design-patterns_processed/java-design-patterns_batches/aaaaac.batch) [including 4ms in LoadMessage; 0ms in InitializeSparseNdw; 0ms in InitializeTheta; 0ms in CreateRegularizerAgents; 34ms in InferThetaAndUpdateNwtSparse; 0ms in UpdateCacheEntry; 20ms in CalculateScore(PerplexityScore); 4ms in CalculateScore(SparsityThetaScore); 14ms in CalculateScore(^^^ItemsProcessedScore^^^); ]
I0226 15:53:46.106371 24529 processor.cc:925] Processor: complete processing batch f96f3568-856f-4ba0-baf1-eebea13f5754 into model nwt
I0226 15:53:46.107254 24526 processor.cc:925] Processor: complete processing batch a0797a75-d777-4932-99c5-388ce6d19fdc into model nwt
I0226 15:53:46.108448 24529 cuckoo_watch.h:45] 83ms in ProcessBatch(/home/diannao/Documents/java-design-patterns_processed/java-design-patterns_batches/aaaaaf.batch) [including 4ms in LoadMessage; 0ms in InitializeSparseNdw; 0ms in InitializeTheta; 0ms in CreateRegularizerAgents; 34ms in InferThetaAndUpdateNwtSparse; 1ms in UpdateCacheEntry; 21ms in CalculateScore(PerplexityScore); 4ms in CalculateScore(SparsityThetaScore); 14ms in CalculateScore(^^^ItemsProcessedScore^^^); ]
I0226 15:53:46.109524 24526 cuckoo_watch.h:45] 85ms in ProcessBatch(/home/diannao/Documents/java-design-patterns_processed/java-design-patterns_batches/aaaaae.batch) [including 4ms in LoadMessage; 0ms in InitializeSparseNdw; 0ms in InitializeTheta; 0ms in CreateRegularizerAgents; 35ms in InferThetaAndUpdateNwtSparse; 0ms in UpdateCacheEntry; 22ms in CalculateScore(PerplexityScore); 5ms in CalculateScore(SparsityThetaScore); 14ms in CalculateScore(^^^ItemsProcessedScore^^^); ]
I0226 15:53:46.109552 24527 processor.cc:820] Processor: start processing batch b0c63fb6-4b36-4282-8cdc-e90bf10a407c into model nwt
I0226 15:53:46.112982 24529 processor.cc:820] Processor: start processing batch 9a5a54df-72a5-4028-9ba1-33b3287c4926 into model nwt
I0226 15:53:46.113813 24526 processor.cc:820] Processor: start processing batch ce865d53-49e4-4138-ae60-aa72b0428ce6 into model nwt
I0226 15:53:46.116812 24528 processor.cc:925] Processor: complete processing batch 2dfb68b5-23fc-4e06-8b86-c9da80285ec2 into model nwt
I0226 15:53:46.118798 24528 cuckoo_watch.h:45] 87ms in ProcessBatch(/home/diannao/Documents/java-design-patterns_processed/java-design-patterns_batches/aaaaak.batch) [including 4ms in LoadMessage; 0ms in InitializeSparseNdw; 0ms in InitializeTheta; 0ms in CreateRegularizerAgents; 36ms in InferThetaAndUpdateNwtSparse; 0ms in UpdateCacheEntry; 22ms in CalculateScore(PerplexityScore); 5ms in CalculateScore(SparsityThetaScore); 15ms in CalculateScore(^^^ItemsProcessedScore^^^); ]
I0226 15:53:46.119635 24528 processor.cc:820] Processor: start processing batch 0578385a-9428-4774-8f72-0ec0816a0a58 into model nwt
I0226 15:53:46.132674 24528 processor.cc:925] Processor: complete processing batch 0578385a-9428-4774-8f72-0ec0816a0a58 into model nwt
I0226 15:53:46.133116 24528 cuckoo_watch.h:45] 14ms in ProcessBatch(/home/diannao/Documents/java-design-patterns_processed/java-design-patterns_batches/aaaaal.batch) [including 0ms in LoadMessage; 0ms in InitializeSparseNdw; 0ms in InitializeTheta; 0ms in CreateRegularizerAgents; 5ms in InferThetaAndUpdateNwtSparse; 0ms in UpdateCacheEntry; 3ms in CalculateScore(PerplexityScore); 0ms in CalculateScore(SparsityThetaScore); 2ms in CalculateScore(^^^ItemsProcessedScore^^^); ]
I0226 15:53:46.137815 24528 processor.cc:820] Processor: start processing batch 64852ca8-12fe-45cd-a088-516bc25ab109 into model nwt
I0226 15:53:46.189357 24527 processor.cc:925] Processor: complete processing batch b0c63fb6-4b36-4282-8cdc-e90bf10a407c into model nwt
I0226 15:53:46.191490 24527 cuckoo_watch.h:45] 86ms in ProcessBatch(/home/diannao/Documents/java-design-patterns_processed/java-design-patterns_batches/aaaaab.batch) [including 4ms in LoadMessage; 0ms in InitializeSparseNdw; 0ms in InitializeTheta; 0ms in CreateRegularizerAgents; 36ms in InferThetaAndUpdateNwtSparse; 0ms in UpdateCacheEntry; 22ms in CalculateScore(PerplexityScore); 5ms in CalculateScore(SparsityThetaScore); 14ms in CalculateScore(^^^ItemsProcessedScore^^^); ]
I0226 15:53:46.191494 24529 processor.cc:925] Processor: complete processing batch 9a5a54df-72a5-4028-9ba1-33b3287c4926 into model nwt
I0226 15:53:46.192638 24526 processor.cc:925] Processor: complete processing batch ce865d53-49e4-4138-ae60-aa72b0428ce6 into model nwt
I0226 15:53:46.193517 24529 cuckoo_watch.h:45] 84ms in ProcessBatch(/home/diannao/Documents/java-design-patterns_processed/java-design-patterns_batches/aaaaaj.batch) [including 4ms in LoadMessage; 0ms in InitializeSparseNdw; 0ms in InitializeTheta; 0ms in CreateRegularizerAgents; 35ms in InferThetaAndUpdateNwtSparse; 1ms in UpdateCacheEntry; 21ms in CalculateScore(PerplexityScore); 4ms in CalculateScore(SparsityThetaScore); 14ms in CalculateScore(^^^ItemsProcessedScore^^^); ]
I0226 15:53:46.194866 24526 cuckoo_watch.h:45] 85ms in ProcessBatch(/home/diannao/Documents/java-design-patterns_processed/java-design-patterns_batches/aaaaag.batch) [including 4ms in LoadMessage; 0ms in InitializeSparseNdw; 0ms in InitializeTheta; 0ms in CreateRegularizerAgents; 35ms in InferThetaAndUpdateNwtSparse; 0ms in UpdateCacheEntry; 21ms in CalculateScore(PerplexityScore); 5ms in CalculateScore(SparsityThetaScore); 15ms in CalculateScore(^^^ItemsProcessedScore^^^); ]
I0226 15:53:46.196008 24527 processor.cc:820] Processor: start processing batch 89725da0-82a8-4b48-9395-7ea4484d53ee into model nwt
I0226 15:53:46.197999 24529 processor.cc:820] Processor: start processing batch ee218d30-8fea-46b4-9ab7-70b3e051a7c6 into model nwt
I0226 15:53:46.199101 24526 processor.cc:820] Processor: start processing batch 8cec64a0-5439-49b9-a507-d299fb1b6425 into model nwt
I0226 15:53:46.220890 24528 processor.cc:925] Processor: complete processing batch 64852ca8-12fe-45cd-a088-516bc25ab109 into model nwt
I0226 15:53:46.222981 24528 cuckoo_watch.h:45] 89ms in ProcessBatch(/home/diannao/Documents/java-design-patterns_processed/java-design-patterns_batches/aaaaad.batch) [including 4ms in LoadMessage; 0ms in InitializeSparseNdw; 0ms in InitializeTheta; 0ms in CreateRegularizerAgents; 37ms in InferThetaAndUpdateNwtSparse; 1ms in UpdateCacheEntry; 23ms in CalculateScore(PerplexityScore); 4ms in CalculateScore(SparsityThetaScore); 15ms in CalculateScore(^^^ItemsProcessedScore^^^); ]
I0226 15:53:46.243316 24528 processor.cc:740] No data in processing queue, waiting...
I0226 15:53:46.257587 24529 processor.cc:925] Processor: complete processing batch ee218d30-8fea-46b4-9ab7-70b3e051a7c6 into model nwt
I0226 15:53:46.258855 24529 cuckoo_watch.h:45] 65ms in ProcessBatch(/home/diannao/Documents/java-design-patterns_processed/java-design-patterns_batches/aaaaaa.batch) [including 4ms in LoadMessage; 0ms in InitializeSparseNdw; 0ms in InitializeTheta; 0ms in CreateRegularizerAgents; 31ms in InferThetaAndUpdateNwtSparse; 0ms in UpdateCacheEntry; 14ms in CalculateScore(PerplexityScore); 3ms in CalculateScore(SparsityThetaScore); 9ms in CalculateScore(^^^ItemsProcessedScore^^^); ]
I0226 15:53:46.273198 24527 processor.cc:925] Processor: complete processing batch 89725da0-82a8-4b48-9395-7ea4484d53ee into model nwt
I0226 15:53:46.275174 24527 cuckoo_watch.h:45] 83ms in ProcessBatch(/home/diannao/Documents/java-design-patterns_processed/java-design-patterns_batches/aaaaah.batch) [including 4ms in LoadMessage; 0ms in InitializeSparseNdw; 0ms in InitializeTheta; 0ms in CreateRegularizerAgents; 35ms in InferThetaAndUpdateNwtSparse; 0ms in UpdateCacheEntry; 21ms in CalculateScore(PerplexityScore); 4ms in CalculateScore(SparsityThetaScore); 14ms in CalculateScore(^^^ItemsProcessedScore^^^); ]
I0226 15:53:46.275960 24526 processor.cc:925] Processor: complete processing batch 8cec64a0-5439-49b9-a507-d299fb1b6425 into model nwt
I0226 15:53:46.277189 24526 cuckoo_watch.h:45] 82ms in ProcessBatch(/home/diannao/Documents/java-design-patterns_processed/java-design-patterns_batches/aaaaai.batch) [including 4ms in LoadMessage; 0ms in InitializeSparseNdw; 0ms in InitializeTheta; 0ms in CreateRegularizerAgents; 35ms in InferThetaAndUpdateNwtSparse; 0ms in UpdateCacheEntry; 21ms in CalculateScore(PerplexityScore); 5ms in CalculateScore(SparsityThetaScore); 13ms in CalculateScore(^^^ItemsProcessedScore^^^); ]
I0226 15:53:46.277492 23947 master_component.cc:1436] RegularizeModelArgs: rwt_target_name=rwt, pwt_source_name=pwt, nwt_source_name=nwt
I0226 15:53:46.277503 23947 master_component.cc:976] MasterComponent: start regularizing model pwt
I0226 15:53:46.279476 24529 processor.cc:740] No data in processing queue, waiting...
I0226 15:53:46.295833 24527 processor.cc:740] No data in processing queue, waiting...
I0226 15:53:46.298022 24526 processor.cc:740] No data in processing queue, waiting...
I0226 15:53:46.402307 23947 master_component.cc:1002] MasterComponent: complete regularizing model pwt
I0226 15:53:46.402403 23947 master_component.cc:1449] NormalizeModelArgs: pwt_target_name=pwt, nwt_source_name=nwt, rwt_source_name=rwt
I0226 15:53:46.402410 23947 master_component.cc:1006] MasterComponent: start normalizing model nwt
I0226 15:53:46.443881 23947 master_component.cc:1034] MasterComponent: complete normalizing model nwt
I0226 15:53:46.545066 23947 master_component.cc:1473] DisposeModel rwt
I0226 15:53:46.547688 23947 master_component.cc:1059] FitOffline: ItemsProcessed, num_items=11164, num_batches=12, token_weight=693800, token_weight_in_effect=693800
I0226 15:53:46.547888 23947 c_interface.cc:389] Pass FitOfflineMasterModelArgs, batch_filename_size=12, batch_weight_size=12, num_collection_passes=1, reset_nwt=yes to MN4artm4core15MasterComponentEFvRKNS_25FitOfflineMasterModelArgsEE
I0226 15:53:46.547916 23947 master_component.cc:1398] ProcessBatchesArgs: nwt_target_name=nwt, batch_filename_size=12, batch_size=0, batch_weight_size=12, pwt_source_name=pwt, num_document_passes=1, regularizer=(name:SparseTheta, tau:-0.15), regularizer=(name:SparsePhi, tau:-0.1), regularizer=(name:DecorrelatorPhi, tau:150000), reuse_theta=no, opt_for_avx=yes, predict_class_id=, reset_nwt=yes
I0226 15:53:46.559136 24527 processor.cc:747] Processing queue has data, processing started
I0226 15:53:46.559648 24526 processor.cc:747] Processing queue has data, processing started
I0226 15:53:46.560741 24528 processor.cc:747] Processing queue has data, processing started
I0226 15:53:46.562314 24527 processor.cc:820] Processor: start processing batch 04e3ab91-276b-43e1-b1f0-05eaa3aa2a5b into model nwt
I0226 15:53:46.564779 24526 processor.cc:820] Processor: start processing batch a0797a75-d777-4932-99c5-388ce6d19fdc into model nwt
I0226 15:53:46.565001 24528 processor.cc:820] Processor: start processing batch f96f3568-856f-4ba0-baf1-eebea13f5754 into model nwt
I0226 15:53:46.566071 24529 processor.cc:747] Processing queue has data, processing started
I0226 15:53:46.570410 24529 processor.cc:820] Processor: start processing batch 2dfb68b5-23fc-4e06-8b86-c9da80285ec2 into model nwt
I0226 15:53:46.638195 24527 processor.cc:925] Processor: complete processing batch 04e3ab91-276b-43e1-b1f0-05eaa3aa2a5b into model nwt
I0226 15:53:46.640488 24527 cuckoo_watch.h:45] 81ms in ProcessBatch(/home/diannao/Documents/java-design-patterns_processed/java-design-patterns_batches/aaaaac.batch) [including 3ms in LoadMessage; 0ms in InitializeSparseNdw; 0ms in InitializeTheta; 0ms in CreateRegularizerAgents; 35ms in InferThetaAndUpdateNwtSparse; 0ms in UpdateCacheEntry; 20ms in CalculateScore(PerplexityScore); 4ms in CalculateScore(SparsityThetaScore); 14ms in CalculateScore(^^^ItemsProcessedScore^^^); ]
I0226 15:53:46.641510 24526 processor.cc:925] Processor: complete processing batch a0797a75-d777-4932-99c5-388ce6d19fdc into model nwt
I0226 15:53:46.643597 24526 cuckoo_watch.h:45] 83ms in ProcessBatch(/home/diannao/Documents/java-design-patterns_processed/java-design-patterns_batches/aaaaae.batch) [including 5ms in LoadMessage; 0ms in InitializeSparseNdw; 0ms in InitializeTheta; 0ms in CreateRegularizerAgents; 34ms in InferThetaAndUpdateNwtSparse; 0ms in UpdateCacheEntry; 21ms in CalculateScore(PerplexityScore); 4ms in CalculateScore(SparsityThetaScore); 14ms in CalculateScore(^^^ItemsProcessedScore^^^); ]
I0226 15:53:46.645001 24527 processor.cc:820] Processor: start processing batch b0c63fb6-4b36-4282-8cdc-e90bf10a407c into model nwt
I0226 15:53:46.646804 24528 processor.cc:925] Processor: complete processing batch f96f3568-856f-4ba0-baf1-eebea13f5754 into model nwt
I0226 15:53:46.648022 24526 processor.cc:820] Processor: start processing batch 9a5a54df-72a5-4028-9ba1-33b3287c4926 into model nwt
I0226 15:53:46.648906 24528 cuckoo_watch.h:45] 88ms in ProcessBatch(/home/diannao/Documents/java-design-patterns_processed/java-design-patterns_batches/aaaaaf.batch) [including 4ms in LoadMessage; 0ms in InitializeSparseNdw; 0ms in InitializeTheta; 0ms in CreateRegularizerAgents; 38ms in InferThetaAndUpdateNwtSparse; 0ms in UpdateCacheEntry; 21ms in CalculateScore(PerplexityScore); 5ms in CalculateScore(SparsityThetaScore); 14ms in CalculateScore(^^^ItemsProcessedScore^^^); ]
I0226 15:53:46.649899 24529 processor.cc:925] Processor: complete processing batch 2dfb68b5-23fc-4e06-8b86-c9da80285ec2 into model nwt
I0226 15:53:46.651872 24529 cuckoo_watch.h:45] 85ms in ProcessBatch(/home/diannao/Documents/java-design-patterns_processed/java-design-patterns_batches/aaaaak.batch) [including 4ms in LoadMessage; 0ms in InitializeSparseNdw; 0ms in InitializeTheta; 0ms in CreateRegularizerAgents; 36ms in InferThetaAndUpdateNwtSparse; 0ms in UpdateCacheEntry; 21ms in CalculateScore(PerplexityScore); 5ms in CalculateScore(SparsityThetaScore); 15ms in CalculateScore(^^^ItemsProcessedScore^^^); ]
I0226 15:53:46.652674 24529 processor.cc:820] Processor: start processing batch 0578385a-9428-4774-8f72-0ec0816a0a58 into model nwt
I0226 15:53:46.653311 24528 processor.cc:820] Processor: start processing batch ce865d53-49e4-4138-ae60-aa72b0428ce6 into model nwt
I0226 15:53:46.665532 24529 processor.cc:925] Processor: complete processing batch 0578385a-9428-4774-8f72-0ec0816a0a58 into model nwt
I0226 15:53:46.665961 24529 cuckoo_watch.h:45] 13ms in ProcessBatch(/home/diannao/Documents/java-design-patterns_processed/java-design-patterns_batches/aaaaal.batch) [including 0ms in LoadMessage; 0ms in InitializeSparseNdw; 0ms in InitializeTheta; 0ms in CreateRegularizerAgents; 5ms in InferThetaAndUpdateNwtSparse; 0ms in UpdateCacheEntry; 3ms in CalculateScore(PerplexityScore); 0ms in CalculateScore(SparsityThetaScore); 2ms in CalculateScore(^^^ItemsProcessedScore^^^); ]
I0226 15:53:46.670523 24529 processor.cc:820] Processor: start processing batch 64852ca8-12fe-45cd-a088-516bc25ab109 into model nwt
I0226 15:53:46.724310 24527 processor.cc:925] Processor: complete processing batch b0c63fb6-4b36-4282-8cdc-e90bf10a407c into model nwt
I0226 15:53:46.726323 24526 processor.cc:925] Processor: complete processing batch 9a5a54df-72a5-4028-9ba1-33b3287c4926 into model nwt
I0226 15:53:46.726408 24527 cuckoo_watch.h:45] 85ms in ProcessBatch(/home/diannao/Documents/java-design-patterns_processed/java-design-patterns_batches/aaaaab.batch) [including 4ms in LoadMessage; 0ms in InitializeSparseNdw; 0ms in InitializeTheta; 0ms in CreateRegularizerAgents; 35ms in InferThetaAndUpdateNwtSparse; 0ms in UpdateCacheEntry; 22ms in CalculateScore(PerplexityScore); 5ms in CalculateScore(SparsityThetaScore); 14ms in CalculateScore(^^^ItemsProcessedScore^^^); ]
I0226 15:53:46.728354 24526 cuckoo_watch.h:45] 84ms in ProcessBatch(/home/diannao/Documents/java-design-patterns_processed/java-design-patterns_batches/aaaaaj.batch) [including 4ms in LoadMessage; 0ms in InitializeSparseNdw; 0ms in InitializeTheta; 0ms in CreateRegularizerAgents; 35ms in InferThetaAndUpdateNwtSparse; 0ms in UpdateCacheEntry; 21ms in CalculateScore(PerplexityScore); 4ms in CalculateScore(SparsityThetaScore); 14ms in CalculateScore(^^^ItemsProcessedScore^^^); ]
I0226 15:53:46.730783 24527 processor.cc:820] Processor: start processing batch 89725da0-82a8-4b48-9395-7ea4484d53ee into model nwt
I0226 15:53:46.732620 24526 processor.cc:820] Processor: start processing batch ee218d30-8fea-46b4-9ab7-70b3e051a7c6 into model nwt
I0226 15:53:46.734886 24528 processor.cc:925] Processor: complete processing batch ce865d53-49e4-4138-ae60-aa72b0428ce6 into model nwt
I0226 15:53:46.736868 24528 cuckoo_watch.h:45] 87ms in ProcessBatch(/home/diannao/Documents/java-design-patterns_processed/java-design-patterns_batches/aaaaag.batch) [including 4ms in LoadMessage; 0ms in InitializeSparseNdw; 0ms in InitializeTheta; 0ms in CreateRegularizerAgents; 37ms in InferThetaAndUpdateNwtSparse; 0ms in UpdateCacheEntry; 22ms in CalculateScore(PerplexityScore); 5ms in CalculateScore(SparsityThetaScore); 15ms in CalculateScore(^^^ItemsProcessedScore^^^); ]
I0226 15:53:46.741268 24528 processor.cc:820] Processor: start processing batch 8cec64a0-5439-49b9-a507-d299fb1b6425 into model nwt
I0226 15:53:46.750955 24529 processor.cc:925] Processor: complete processing batch 64852ca8-12fe-45cd-a088-516bc25ab109 into model nwt
I0226 15:53:46.753114 24529 cuckoo_watch.h:45] 87ms in ProcessBatch(/home/diannao/Documents/java-design-patterns_processed/java-design-patterns_batches/aaaaad.batch) [including 4ms in LoadMessage; 0ms in InitializeSparseNdw; 0ms in InitializeTheta; 0ms in CreateRegularizerAgents; 37ms in InferThetaAndUpdateNwtSparse; 0ms in UpdateCacheEntry; 22ms in CalculateScore(PerplexityScore); 4ms in CalculateScore(SparsityThetaScore); 14ms in CalculateScore(^^^ItemsProcessedScore^^^); ]
I0226 15:53:46.773437 24529 processor.cc:740] No data in processing queue, waiting...
I0226 15:53:46.791383 24527 processor.cc:925] Processor: complete processing batch 89725da0-82a8-4b48-9395-7ea4484d53ee into model nwt
I0226 15:53:46.792806 24527 cuckoo_watch.h:45] 66ms in ProcessBatch(/home/diannao/Documents/java-design-patterns_processed/java-design-patterns_batches/aaaaah.batch) [including 4ms in LoadMessage; 0ms in InitializeSparseNdw; 0ms in InitializeTheta; 0ms in CreateRegularizerAgents; 31ms in InferThetaAndUpdateNwtSparse; 0ms in UpdateCacheEntry; 15ms in CalculateScore(PerplexityScore); 2ms in CalculateScore(SparsityThetaScore); 9ms in CalculateScore(^^^ItemsProcessedScore^^^); ]
I0226 15:53:46.809216 24526 processor.cc:925] Processor: complete processing batch ee218d30-8fea-46b4-9ab7-70b3e051a7c6 into model nwt
I0226 15:53:46.811066 24526 cuckoo_watch.h:45] 82ms in ProcessBatch(/home/diannao/Documents/java-design-patterns_processed/java-design-patterns_batches/aaaaaa.batch) [including 4ms in LoadMessage; 0ms in InitializeSparseNdw; 0ms in InitializeTheta; 0ms in CreateRegularizerAgents; 35ms in InferThetaAndUpdateNwtSparse; 0ms in UpdateCacheEntry; 21ms in CalculateScore(PerplexityScore); 4ms in CalculateScore(SparsityThetaScore); 14ms in CalculateScore(^^^ItemsProcessedScore^^^); ]
I0226 15:53:46.813627 24527 processor.cc:740] No data in processing queue, waiting...
I0226 15:53:46.816267 24528 processor.cc:925] Processor: complete processing batch 8cec64a0-5439-49b9-a507-d299fb1b6425 into model nwt
I0226 15:53:46.817461 24528 cuckoo_watch.h:45] 80ms in ProcessBatch(/home/diannao/Documents/java-design-patterns_processed/java-design-patterns_batches/aaaaai.batch) [including 4ms in LoadMessage; 0ms in InitializeSparseNdw; 0ms in InitializeTheta; 0ms in CreateRegularizerAgents; 35ms in InferThetaAndUpdateNwtSparse; 0ms in UpdateCacheEntry; 21ms in CalculateScore(PerplexityScore); 4ms in CalculateScore(SparsityThetaScore); 11ms in CalculateScore(^^^ItemsProcessedScore^^^); ]
I0226 15:53:46.818269 23947 master_component.cc:1436] RegularizeModelArgs: rwt_target_name=rwt, pwt_source_name=pwt, nwt_source_name=nwt
I0226 15:53:46.818281 23947 master_component.cc:976] MasterComponent: start regularizing model pwt
I0226 15:53:46.831851 24526 processor.cc:740] No data in processing queue, waiting...
I0226 15:53:46.838347 24528 processor.cc:740] No data in processing queue, waiting...
I0226 15:53:46.942852 23947 master_component.cc:1002] MasterComponent: complete regularizing model pwt
I0226 15:53:46.942880 23947 master_component.cc:1449] NormalizeModelArgs: pwt_target_name=pwt, nwt_source_name=nwt, rwt_source_name=rwt
I0226 15:53:46.942884 23947 master_component.cc:1006] MasterComponent: start normalizing model nwt
I0226 15:53:46.986210 23947 master_component.cc:1034] MasterComponent: complete normalizing model nwt
I0226 15:53:47.088090 23947 master_component.cc:1473] DisposeModel rwt
I0226 15:53:47.090600 23947 master_component.cc:1059] FitOffline: ItemsProcessed, num_items=11164, num_batches=12, token_weight=693800, token_weight_in_effect=693800
I0226 15:54:04.932660 23947 c_interface.cc:231] ArtmCopyRequestedMessage is copying 925 bytes...
I0226 15:54:04.933343 23947 c_interface.cc:231] ArtmCopyRequestedMessage is copying 975 bytes...
I0226 15:54:04.934355 23947 c_interface.cc:231] ArtmCopyRequestedMessage is copying 635660 bytes...
I0226 15:54:04.970538 23947 c_interface.cc:231] ArtmCopyRequestedMessage is copying 635660 bytes...
I0226 15:54:05.000006 23947 c_interface.cc:231] ArtmCopyRequestedMessage is copying 1249 bytes...
I0226 15:54:05.000556 23947 c_interface.cc:231] ArtmCopyRequestedMessage is copying 1249 bytes...
I0226 15:54:05.549657 23947 c_interface.cc:231] ArtmCopyRequestedMessage is copying 925 bytes...
I0226 15:54:05.993641 23947 c_interface.cc:231] ArtmCopyRequestedMessage is copying 975 bytes...
I0226 15:54:06.448050 23947 c_interface.cc:231] ArtmCopyRequestedMessage is copying 839224 bytes...
I0226 15:54:06.481006 23947 c_interface.cc:231] ArtmCopyRequestedMessage is copying 839224 bytes...
I0226 15:54:06.513315 23947 c_interface.cc:231] ArtmCopyRequestedMessage is copying 839224 bytes...
I0226 15:54:06.545001 23947 c_interface.cc:231] ArtmCopyRequestedMessage is copying 839224 bytes...
I0226 15:54:06.577005 23947 c_interface.cc:231] ArtmCopyRequestedMessage is copying 839224 bytes...
I0226 15:54:06.608625 23947 c_interface.cc:231] ArtmCopyRequestedMessage is copying 839224 bytes...
I0226 15:54:06.640172 23947 c_interface.cc:231] ArtmCopyRequestedMessage is copying 839224 bytes...
I0226 15:54:06.671744 23947 c_interface.cc:231] ArtmCopyRequestedMessage is copying 839224 bytes...
I0226 15:54:06.703739 23947 c_interface.cc:231] ArtmCopyRequestedMessage is copying 839224 bytes...
I0226 15:54:06.767413 23947 c_interface.cc:231] ArtmCopyRequestedMessage is copying 839224 bytes...
I0226 15:54:06.798668 23947 c_interface.cc:231] ArtmCopyRequestedMessage is copying 839224 bytes...
I0226 15:54:06.829488 23947 c_interface.cc:231] ArtmCopyRequestedMessage is copying 839224 bytes...
I0226 15:54:06.860860 23947 c_interface.cc:231] ArtmCopyRequestedMessage is copying 839224 bytes...
I0226 15:54:06.891893 23947 c_interface.cc:231] ArtmCopyRequestedMessage is copying 839224 bytes...
I0226 15:54:06.923207 23947 c_interface.cc:231] ArtmCopyRequestedMessage is copying 839224 bytes...
I0226 15:54:06.954273 23947 c_interface.cc:231] ArtmCopyRequestedMessage is copying 839224 bytes...
I0226 15:54:06.987844 23947 c_interface.cc:231] ArtmCopyRequestedMessage is copying 839224 bytes...
I0226 15:54:07.019867 23947 c_interface.cc:231] ArtmCopyRequestedMessage is copying 839224 bytes...
I0226 15:54:07.055721 23947 c_interface.cc:231] ArtmCopyRequestedMessage is copying 839224 bytes...
I0226 15:54:07.088351 23947 c_interface.cc:231] ArtmCopyRequestedMessage is copying 839224 bytes...
I0226 15:54:07.119798 23947 c_interface.cc:231] ArtmCopyRequestedMessage is copying 839224 bytes...
I0226 15:54:07.150992 23947 c_interface.cc:231] ArtmCopyRequestedMessage is copying 839224 bytes...
I0226 15:54:07.182086 23947 c_interface.cc:231] ArtmCopyRequestedMessage is copying 839224 bytes...
I0226 15:54:07.213240 23947 c_interface.cc:231] ArtmCopyRequestedMessage is copying 839224 bytes...
I0226 15:54:07.245988 23947 c_interface.cc:231] ArtmCopyRequestedMessage is copying 839224 bytes...
I0226 15:54:07.278453 23947 c_interface.cc:231] ArtmCopyRequestedMessage is copying 839224 bytes...
I0226 15:54:07.309587 23947 c_interface.cc:231] ArtmCopyRequestedMessage is copying 839224 bytes...
I0226 15:54:07.340767 23947 c_interface.cc:231] ArtmCopyRequestedMessage is copying 839224 bytes...
I0226 15:54:07.372241 23947 c_interface.cc:231] ArtmCopyRequestedMessage is copying 839224 bytes...
I0226 15:54:07.403465 23947 c_interface.cc:231] ArtmCopyRequestedMessage is copying 839224 bytes...
I0226 15:54:07.434726 23947 c_interface.cc:231] ArtmCopyRequestedMessage is copying 839224 bytes...
I0226 15:54:07.466089 23947 c_interface.cc:231] ArtmCopyRequestedMessage is copying 839224 bytes...
I0226 15:54:07.497361 23947 c_interface.cc:231] ArtmCopyRequestedMessage is copying 839224 bytes...
I0226 15:54:07.528934 23947 c_interface.cc:231] ArtmCopyRequestedMessage is copying 839224 bytes...
I0226 15:54:07.560144 23947 c_interface.cc:231] ArtmCopyRequestedMessage is copying 839224 bytes...
I0226 15:54:07.593678 23947 c_interface.cc:231] ArtmCopyRequestedMessage is copying 839224 bytes...
I0226 15:54:07.625284 23947 c_interface.cc:231] ArtmCopyRequestedMessage is copying 839224 bytes...
I0226 15:54:07.656533 23947 c_interface.cc:231] ArtmCopyRequestedMessage is copying 839224 bytes...
I0226 15:54:07.687825 23947 c_interface.cc:231] ArtmCopyRequestedMessage is copying 839224 bytes...
I0226 15:54:07.719100 23947 c_interface.cc:231] ArtmCopyRequestedMessage is copying 839224 bytes...
I0226 15:54:07.750385 23947 c_interface.cc:231] ArtmCopyRequestedMessage is copying 839224 bytes...
I0226 15:54:07.781626 23947 c_interface.cc:231] ArtmCopyRequestedMessage is copying 839224 bytes...
I0226 15:54:07.812638 23947 c_interface.cc:231] ArtmCopyRequestedMessage is copying 839224 bytes...
I0226 15:54:07.843454 23947 c_interface.cc:231] ArtmCopyRequestedMessage is copying 839224 bytes...
I0226 15:54:07.874536 23947 c_interface.cc:231] ArtmCopyRequestedMessage is copying 839224 bytes...
I0226 15:54:07.905671 23947 c_interface.cc:231] ArtmCopyRequestedMessage is copying 839224 bytes...
I0226 15:54:07.937036 23947 c_interface.cc:231] ArtmCopyRequestedMessage is copying 839224 bytes...
I0226 15:54:07.968273 23947 c_interface.cc:231] ArtmCopyRequestedMessage is copying 839224 bytes...
I0226 15:54:07.999820 23947 c_interface.cc:231] ArtmCopyRequestedMessage is copying 839224 bytes...
I0226 15:54:08.031216 23947 c_interface.cc:231] ArtmCopyRequestedMessage is copying 839224 bytes...
I0226 15:54:08.062422 23947 c_interface.cc:231] ArtmCopyRequestedMessage is copying 839224 bytes...
I0226 15:54:08.093349 23947 c_interface.cc:231] ArtmCopyRequestedMessage is copying 839224 bytes...
I0226 15:54:08.124609 23947 c_interface.cc:231] ArtmCopyRequestedMessage is copying 839224 bytes...
I0226 15:54:08.156124 23947 c_interface.cc:231] ArtmCopyRequestedMessage is copying 839224 bytes...
I0226 15:54:08.187220 23947 c_interface.cc:231] ArtmCopyRequestedMessage is copying 839224 bytes...
I0226 15:54:08.218438 23947 c_interface.cc:231] ArtmCopyRequestedMessage is copying 839224 bytes...
I0226 15:54:08.249668 23947 c_interface.cc:231] ArtmCopyRequestedMessage is copying 839224 bytes...
I0226 15:54:08.281664 23947 c_interface.cc:231] ArtmCopyRequestedMessage is copying 839224 bytes...
I0226 15:54:08.312481 23947 c_interface.cc:231] ArtmCopyRequestedMessage is copying 839224 bytes...
I0226 15:54:08.343602 23947 c_interface.cc:231] ArtmCopyRequestedMessage is copying 839224 bytes...
I0226 15:54:08.374784 23947 c_interface.cc:231] ArtmCopyRequestedMessage is copying 839224 bytes...
I0226 15:54:08.406281 23947 c_interface.cc:231] ArtmCopyRequestedMessage is copying 839224 bytes...
I0226 15:54:08.437361 23947 c_interface.cc:231] ArtmCopyRequestedMessage is copying 839224 bytes...
I0226 15:54:08.468305 23947 c_interface.cc:231] ArtmCopyRequestedMessage is copying 839224 bytes...
I0226 15:54:08.499312 23947 c_interface.cc:231] ArtmCopyRequestedMessage is copying 839224 bytes...
I0226 15:54:08.530465 23947 c_interface.cc:231] ArtmCopyRequestedMessage is copying 839224 bytes...
I0226 15:54:08.561548 23947 c_interface.cc:231] ArtmCopyRequestedMessage is copying 839224 bytes...
I0226 15:54:08.592288 23947 c_interface.cc:231] ArtmCopyRequestedMessage is copying 839224 bytes...
I0226 15:54:08.623497 23947 c_interface.cc:231] ArtmCopyRequestedMessage is copying 839224 bytes...
I0226 15:54:08.654717 23947 c_interface.cc:231] ArtmCopyRequestedMessage is copying 839224 bytes...
I0226 15:54:08.686019 23947 c_interface.cc:231] ArtmCopyRequestedMessage is copying 839224 bytes...
I0226 15:54:08.717010 23947 c_interface.cc:231] ArtmCopyRequestedMessage is copying 839224 bytes...
I0226 15:54:08.748378 23947 c_interface.cc:231] ArtmCopyRequestedMessage is copying 839224 bytes...
I0226 15:54:08.779433 23947 c_interface.cc:231] ArtmCopyRequestedMessage is copying 839224 bytes...
I0226 15:54:08.810266 23947 c_interface.cc:231] ArtmCopyRequestedMessage is copying 839224 bytes...
I0226 15:54:08.841614 23947 c_interface.cc:231] ArtmCopyRequestedMessage is copying 839224 bytes...
