Log file created at: 2020/02/26 15:53:16
Running on machine: areyde
Log line format: [IWEF]mmdd hh:mm:ss.uuuuuu threadid file:line] msg
I0226 15:53:16.632755 23947 c_interface.cc:127] Logging enabled to .
I0226 15:53:16.632956 23947 c_interface.cc:128] BigARTM version: v0.9.2
I0226 15:53:16.633015 23947 c_interface.cc:271] Pass MasterModelConfig: topic_name_size=0, score_config_size=1, num_processors=0, pwt_name=pwt, nwt_name=nwt, num_document_passes=0, reuse_theta=no, cache_theta=no, opt_for_avx=yes, disk_cache_path= to ArtmCreateMasterModel
I0226 15:53:16.633051 23947 c_interface.cc:274] Creating MasterModel (id=1)...
I0226 15:53:17.420578 23947 c_interface.cc:375] Pass 729d6351-b04a-45fa-a61c-16d8ed0632ef to MN4artm4core15MasterComponentEFvRKSsE
I0226 15:53:17.420696 23947 c_interface.cc:389] Pass GatherDictionaryArgs: dictionary_target_name=729d6351-b04a-45fa-a61c-16d8ed0632ef, data_path=/home/diannao/Documents/java-design-patterns_processed/java-design-patterns_batches, symmetric_cooc_values=0 to MN4artm4core15MasterComponentEFvRKNS_20GatherDictionaryArgsEE
I0226 15:53:17.420827 23947 dictionary_operations.cc:261] Found 12 batches in '/home/diannao/Documents/java-design-patterns_processed/java-design-patterns_batches' folder
I0226 15:53:17.567850 23947 dictionary_operations.cc:325] Find 6107 unique tokens in 11164 items
I0226 15:53:17.573031 23947 dictionary_operations.cc:589] Dictionary name='729d6351-b04a-45fa-a61c-16d8ed0632ef' contains entries: @default_class:6107; 
I0226 15:53:23.051393 23947 c_interface.cc:271] Pass MasterModelConfig: topic_name_size=100, score_config_size=1, num_processors=0, pwt_name=pwt, nwt_name=nwt, num_document_passes=10, reuse_theta=no, cache_theta=yes, opt_for_avx=yes, disk_cache_path= to ArtmCreateMasterModel
I0226 15:53:23.051517 23947 instance.cc:401] MasterModelConfig.processors_count is automatically set to 4
I0226 15:53:23.051683 24526 processor.cc:724] Processor thread started
I0226 15:53:23.051714 23947 c_interface.cc:274] Creating MasterModel (id=2)...
I0226 15:53:23.051892 24529 processor.cc:724] Processor thread started
I0226 15:53:23.051973 24528 processor.cc:724] Processor thread started
I0226 15:53:23.052377 23947 c_interface.cc:389] Pass MasterModelConfig: topic_name_size=100, score_config_size=2, num_processors=0, pwt_name=pwt, nwt_name=nwt, num_document_passes=10, reuse_theta=no, cache_theta=yes, opt_for_avx=yes, disk_cache_path= to MN4artm4core15MasterComponentEFvRKNS_17MasterModelConfigEE
I0226 15:53:23.052476 23947 instance.cc:401] MasterModelConfig.processors_count is automatically set to 4
I0226 15:53:23.052521 23947 perplexity.cc:26] Perplexity score calculator created: model_type=1, dictionary_name=729d6351-b04a-45fa-a61c-16d8ed0632ef
I0226 15:53:23.053164 23947 c_interface.cc:389] Pass MasterModelConfig: topic_name_size=100, score_config_size=3, num_processors=0, pwt_name=pwt, nwt_name=nwt, num_document_passes=10, reuse_theta=no, cache_theta=yes, opt_for_avx=yes, disk_cache_path= to MN4artm4core15MasterComponentEFvRKNS_17MasterModelConfigEE
I0226 15:53:23.053248 23947 instance.cc:401] MasterModelConfig.processors_count is automatically set to 4
I0226 15:53:23.053274 23947 perplexity.cc:26] Perplexity score calculator created: model_type=1, dictionary_name=729d6351-b04a-45fa-a61c-16d8ed0632ef
I0226 15:53:23.053539 24527 processor.cc:724] Processor thread started
I0226 15:53:23.053864 23947 c_interface.cc:389] Pass MasterModelConfig: topic_name_size=100, score_config_size=4, num_processors=0, pwt_name=pwt, nwt_name=nwt, num_document_passes=10, reuse_theta=no, cache_theta=yes, opt_for_avx=yes, disk_cache_path= to MN4artm4core15MasterComponentEFvRKNS_17MasterModelConfigEE
I0226 15:53:23.053949 23947 instance.cc:401] MasterModelConfig.processors_count is automatically set to 4
I0226 15:53:23.053984 23947 perplexity.cc:26] Perplexity score calculator created: model_type=1, dictionary_name=729d6351-b04a-45fa-a61c-16d8ed0632ef
I0226 15:53:23.054566 23947 c_interface.cc:389] Pass MasterModelConfig: topic_name_size=100, score_config_size=5, num_processors=0, pwt_name=pwt, nwt_name=nwt, num_document_passes=10, reuse_theta=no, cache_theta=yes, opt_for_avx=yes, disk_cache_path= to MN4artm4core15MasterComponentEFvRKNS_17MasterModelConfigEE
I0226 15:53:23.054678 23947 instance.cc:401] MasterModelConfig.processors_count is automatically set to 4
I0226 15:53:23.054962 23947 perplexity.cc:26] Perplexity score calculator created: model_type=1, dictionary_name=729d6351-b04a-45fa-a61c-16d8ed0632ef
I0226 15:53:23.055908 23947 c_interface.cc:389] Pass MasterModelConfig: topic_name_size=100, score_config_size=6, num_processors=0, pwt_name=pwt, nwt_name=nwt, num_document_passes=10, reuse_theta=no, cache_theta=yes, opt_for_avx=yes, disk_cache_path= to MN4artm4core15MasterComponentEFvRKNS_17MasterModelConfigEE
I0226 15:53:23.055989 23947 instance.cc:401] MasterModelConfig.processors_count is automatically set to 4
I0226 15:53:23.056017 23947 perplexity.cc:26] Perplexity score calculator created: model_type=1, dictionary_name=729d6351-b04a-45fa-a61c-16d8ed0632ef
I0226 15:53:23.056501 23947 c_interface.cc:389] Pass MasterModelConfig: topic_name_size=100, score_config_size=6, num_processors=0, pwt_name=pwt, nwt_name=nwt, num_document_passes=10, regularizer=(SparseTheta:-0.15), reuse_theta=no, cache_theta=yes, opt_for_avx=yes, disk_cache_path= to MN4artm4core15MasterComponentEFvRKNS_17MasterModelConfigEE
I0226 15:53:23.056569 23947 instance.cc:401] MasterModelConfig.processors_count is automatically set to 4
I0226 15:53:23.056599 23947 perplexity.cc:26] Perplexity score calculator created: model_type=1, dictionary_name=729d6351-b04a-45fa-a61c-16d8ed0632ef
I0226 15:53:23.056676 23947 instance.cc:226] Regularizer 'SparseTheta' was cold-reconfigured
I0226 15:53:23.057718 23947 c_interface.cc:389] Pass MasterModelConfig: topic_name_size=100, score_config_size=6, num_processors=0, pwt_name=pwt, nwt_name=nwt, num_document_passes=10, regularizer=(SparseTheta:-0.15), regularizer=(SparsePhi:-0.1), reuse_theta=no, cache_theta=yes, opt_for_avx=yes, disk_cache_path= to MN4artm4core15MasterComponentEFvRKNS_17MasterModelConfigEE
I0226 15:53:23.057814 23947 instance.cc:401] MasterModelConfig.processors_count is automatically set to 4
I0226 15:53:23.057844 23947 perplexity.cc:26] Perplexity score calculator created: model_type=1, dictionary_name=729d6351-b04a-45fa-a61c-16d8ed0632ef
I0226 15:53:23.057916 23947 instance.cc:226] Regularizer 'SparseTheta' was cold-reconfigured
I0226 15:53:23.057936 23947 instance.cc:232] Regularizer 'SparsePhi' was cold-reconfigured
I0226 15:53:23.058476 23947 c_interface.cc:389] Pass MasterModelConfig: topic_name_size=100, score_config_size=6, num_processors=0, pwt_name=pwt, nwt_name=nwt, num_document_passes=10, regularizer=(SparseTheta:-0.15), regularizer=(SparsePhi:-0.1), regularizer=(DecorrelatorPhi:150000), reuse_theta=no, cache_theta=yes, opt_for_avx=yes, disk_cache_path= to MN4artm4core15MasterComponentEFvRKNS_17MasterModelConfigEE
I0226 15:53:23.058557 23947 instance.cc:401] MasterModelConfig.processors_count is automatically set to 4
I0226 15:53:23.058588 23947 perplexity.cc:26] Perplexity score calculator created: model_type=1, dictionary_name=729d6351-b04a-45fa-a61c-16d8ed0632ef
I0226 15:53:23.058665 23947 instance.cc:226] Regularizer 'SparseTheta' was cold-reconfigured
I0226 15:53:23.058678 23947 instance.cc:232] Regularizer 'SparsePhi' was cold-reconfigured
I0226 15:53:23.058689 23947 instance.cc:244] Regularizer 'DecorrelatorPhi' was cold-reconfigured
I0226 15:53:23.075737 24528 processor.cc:740] No data in processing queue, waiting...
I0226 15:53:23.076609 24526 processor.cc:740] No data in processing queue, waiting...
I0226 15:53:23.077962 24527 processor.cc:740] No data in processing queue, waiting...
I0226 15:53:23.079442 24529 processor.cc:740] No data in processing queue, waiting...
I0226 15:53:33.325366 23947 c_interface.cc:389] Pass MasterModelConfig: topic_name_size=100, score_config_size=6, num_processors=0, pwt_name=pwt, nwt_name=nwt, num_document_passes=1, regularizer=(SparseTheta:-0.15), regularizer=(SparsePhi:-0.1), regularizer=(DecorrelatorPhi:150000), reuse_theta=no, cache_theta=yes, opt_for_avx=yes, disk_cache_path= to MN4artm4core15MasterComponentEFvRKNS_17MasterModelConfigEE
I0226 15:53:33.325654 23947 instance.cc:401] MasterModelConfig.processors_count is automatically set to 4
I0226 15:53:33.325871 23947 perplexity.cc:26] Perplexity score calculator created: model_type=1, dictionary_name=729d6351-b04a-45fa-a61c-16d8ed0632ef
I0226 15:53:33.326100 23947 instance.cc:226] Regularizer 'SparseTheta' was cold-reconfigured
I0226 15:53:33.326148 23947 instance.cc:232] Regularizer 'SparsePhi' was cold-reconfigured
I0226 15:53:33.326181 23947 instance.cc:244] Regularizer 'DecorrelatorPhi' was cold-reconfigured
I0226 15:53:33.326745 23947 c_interface.cc:375] Pass pwt to MN4artm4core15MasterComponentEFvRKSsE
I0226 15:53:33.326911 23947 c_interface.cc:375] Pass nwt to MN4artm4core15MasterComponentEFvRKSsE
I0226 15:53:33.327879 23947 c_interface.cc:389] Pass InitializeModelArgs: model_name=pwt, dictionary_name=729d6351-b04a-45fa-a61c-16d8ed0632ef, topic_name_size=100, seed=-1 to MN4artm4core15MasterComponentEFvRKNS_19InitializeModelArgsEE
I0226 15:53:33.403399 23947 master_component.cc:664] InitializeModel() created matrix pwt with 100 topics and 6107 tokens; 
I0226 15:53:33.404114 23947 c_interface.cc:389] Pass InitializeModelArgs: model_name=nwt, dictionary_name=729d6351-b04a-45fa-a61c-16d8ed0632ef, topic_name_size=100, seed=-1 to MN4artm4core15MasterComponentEFvRKNS_19InitializeModelArgsEE
I0226 15:53:33.466078 23947 master_component.cc:664] InitializeModel() created matrix nwt with 100 topics and 6107 tokens; 
I0226 15:53:33.466346 23947 c_interface.cc:231] ArtmCopyRequestedMessage is copying 1366 bytes...
I0226 15:53:33.498638 23947 c_interface.cc:389] Pass FitOfflineMasterModelArgs, batch_filename_size=12, batch_weight_size=12, num_collection_passes=1, reset_nwt=yes to MN4artm4core15MasterComponentEFvRKNS_25FitOfflineMasterModelArgsEE
I0226 15:53:33.498678 23947 master_component.cc:1398] ProcessBatchesArgs: nwt_target_name=nwt, batch_filename_size=12, batch_size=0, batch_weight_size=12, pwt_source_name=pwt, num_document_passes=1, regularizer=(name:SparseTheta, tau:-0.15), regularizer=(name:SparsePhi, tau:-0.1), regularizer=(name:DecorrelatorPhi, tau:150000), reuse_theta=no, opt_for_avx=yes, predict_class_id=, reset_nwt=yes
I0226 15:53:33.509959 24527 processor.cc:747] Processing queue has data, processing started
I0226 15:53:33.510865 24526 processor.cc:747] Processing queue has data, processing started
I0226 15:53:33.511391 24529 processor.cc:747] Processing queue has data, processing started
I0226 15:53:33.512776 24528 processor.cc:747] Processing queue has data, processing started
I0226 15:53:33.516152 24527 processor.cc:820] Processor: start processing batch 04e3ab91-276b-43e1-b1f0-05eaa3aa2a5b into model nwt
I0226 15:53:33.517495 24529 processor.cc:820] Processor: start processing batch f96f3568-856f-4ba0-baf1-eebea13f5754 into model nwt
I0226 15:53:33.518810 24528 processor.cc:820] Processor: start processing batch 2dfb68b5-23fc-4e06-8b86-c9da80285ec2 into model nwt
I0226 15:53:33.526824 24526 processor.cc:820] Processor: start processing batch a0797a75-d777-4932-99c5-388ce6d19fdc into model nwt
I0226 15:53:33.597157 24527 processor.cc:925] Processor: complete processing batch 04e3ab91-276b-43e1-b1f0-05eaa3aa2a5b into model nwt
I0226 15:53:33.598978 24527 cuckoo_watch.h:45] 88ms in ProcessBatch(/home/diannao/Documents/java-design-patterns_processed/java-design-patterns_batches/aaaaac.batch) [including 6ms in LoadMessage; 0ms in InitializeSparseNdw; 0ms in InitializeTheta; 0ms in CreateRegularizerAgents; 38ms in InferThetaAndUpdateNwtSparse; 0ms in UpdateCacheEntry; 19ms in CalculateScore(PerplexityScore); 4ms in CalculateScore(SparsityThetaScore); 16ms in CalculateScore(^^^ItemsProcessedScore^^^); ]
I0226 15:53:33.603016 24529 processor.cc:925] Processor: complete processing batch f96f3568-856f-4ba0-baf1-eebea13f5754 into model nwt
I0226 15:53:33.604384 24528 processor.cc:925] Processor: complete processing batch 2dfb68b5-23fc-4e06-8b86-c9da80285ec2 into model nwt
I0226 15:53:33.604526 24527 processor.cc:820] Processor: start processing batch b0c63fb6-4b36-4282-8cdc-e90bf10a407c into model nwt
I0226 15:53:33.605667 24529 cuckoo_watch.h:45] 94ms in ProcessBatch(/home/diannao/Documents/java-design-patterns_processed/java-design-patterns_batches/aaaaaf.batch) [including 6ms in LoadMessage; 0ms in InitializeSparseNdw; 0ms in InitializeTheta; 0ms in CreateRegularizerAgents; 41ms in InferThetaAndUpdateNwtSparse; 0ms in UpdateCacheEntry; 20ms in CalculateScore(PerplexityScore); 7ms in CalculateScore(SparsityThetaScore); 14ms in CalculateScore(^^^ItemsProcessedScore^^^); ]
I0226 15:53:33.606312 24528 cuckoo_watch.h:45] 93ms in ProcessBatch(/home/diannao/Documents/java-design-patterns_processed/java-design-patterns_batches/aaaaak.batch) [including 6ms in LoadMessage; 0ms in InitializeSparseNdw; 0ms in InitializeTheta; 0ms in CreateRegularizerAgents; 42ms in InferThetaAndUpdateNwtSparse; 0ms in UpdateCacheEntry; 20ms in CalculateScore(PerplexityScore); 4ms in CalculateScore(SparsityThetaScore); 15ms in CalculateScore(^^^ItemsProcessedScore^^^); ]
I0226 15:53:33.610632 24529 processor.cc:820] Processor: start processing batch 9a5a54df-72a5-4028-9ba1-33b3287c4926 into model nwt
I0226 15:53:33.611222 24528 processor.cc:820] Processor: start processing batch ce865d53-49e4-4138-ae60-aa72b0428ce6 into model nwt
I0226 15:53:33.617146 24526 processor.cc:925] Processor: complete processing batch a0797a75-d777-4932-99c5-388ce6d19fdc into model nwt
I0226 15:53:33.619128 24526 cuckoo_watch.h:45] 108ms in ProcessBatch(/home/diannao/Documents/java-design-patterns_processed/java-design-patterns_batches/aaaaae.batch) [including 15ms in LoadMessage; 0ms in InitializeSparseNdw; 0ms in InitializeTheta; 0ms in CreateRegularizerAgents; 41ms in InferThetaAndUpdateNwtSparse; 0ms in UpdateCacheEntry; 23ms in CalculateScore(PerplexityScore); 4ms in CalculateScore(SparsityThetaScore); 18ms in CalculateScore(^^^ItemsProcessedScore^^^); ]
I0226 15:53:33.620148 24526 processor.cc:820] Processor: start processing batch 0578385a-9428-4774-8f72-0ec0816a0a58 into model nwt
I0226 15:53:33.633725 24526 processor.cc:925] Processor: complete processing batch 0578385a-9428-4774-8f72-0ec0816a0a58 into model nwt
I0226 15:53:33.634079 24526 cuckoo_watch.h:45] 14ms in ProcessBatch(/home/diannao/Documents/java-design-patterns_processed/java-design-patterns_batches/aaaaal.batch) [including 0ms in LoadMessage; 0ms in InitializeSparseNdw; 0ms in InitializeTheta; 0ms in CreateRegularizerAgents; 6ms in InferThetaAndUpdateNwtSparse; 0ms in UpdateCacheEntry; 3ms in CalculateScore(PerplexityScore); 0ms in CalculateScore(SparsityThetaScore); 2ms in CalculateScore(^^^ItemsProcessedScore^^^); ]
I0226 15:53:33.638945 24526 processor.cc:820] Processor: start processing batch 64852ca8-12fe-45cd-a088-516bc25ab109 into model nwt
I0226 15:53:33.694751 24528 processor.cc:925] Processor: complete processing batch ce865d53-49e4-4138-ae60-aa72b0428ce6 into model nwt
I0226 15:53:33.696719 24528 cuckoo_watch.h:45] 90ms in ProcessBatch(/home/diannao/Documents/java-design-patterns_processed/java-design-patterns_batches/aaaaag.batch) [including 4ms in LoadMessage; 0ms in InitializeSparseNdw; 0ms in InitializeTheta; 0ms in CreateRegularizerAgents; 41ms in InferThetaAndUpdateNwtSparse; 0ms in UpdateCacheEntry; 21ms in CalculateScore(PerplexityScore); 4ms in CalculateScore(SparsityThetaScore); 15ms in CalculateScore(^^^ItemsProcessedScore^^^); ]
I0226 15:53:33.699724 24527 processor.cc:925] Processor: complete processing batch b0c63fb6-4b36-4282-8cdc-e90bf10a407c into model nwt
I0226 15:53:33.701189 24528 processor.cc:820] Processor: start processing batch 89725da0-82a8-4b48-9395-7ea4484d53ee into model nwt
I0226 15:53:33.701663 24527 cuckoo_watch.h:45] 102ms in ProcessBatch(/home/diannao/Documents/java-design-patterns_processed/java-design-patterns_batches/aaaaab.batch) [including 5ms in LoadMessage; 0ms in InitializeSparseNdw; 0ms in InitializeTheta; 0ms in CreateRegularizerAgents; 53ms in InferThetaAndUpdateNwtSparse; 0ms in UpdateCacheEntry; 20ms in CalculateScore(PerplexityScore); 5ms in CalculateScore(SparsityThetaScore); 14ms in CalculateScore(^^^ItemsProcessedScore^^^); ]
I0226 15:53:33.705850 24527 processor.cc:820] Processor: start processing batch ee218d30-8fea-46b4-9ab7-70b3e051a7c6 into model nwt
I0226 15:53:33.711450 24529 processor.cc:925] Processor: complete processing batch 9a5a54df-72a5-4028-9ba1-33b3287c4926 into model nwt
I0226 15:53:33.713299 24529 cuckoo_watch.h:45] 107ms in ProcessBatch(/home/diannao/Documents/java-design-patterns_processed/java-design-patterns_batches/aaaaaj.batch) [including 4ms in LoadMessage; 0ms in InitializeSparseNdw; 0ms in InitializeTheta; 0ms in CreateRegularizerAgents; 59ms in InferThetaAndUpdateNwtSparse; 0ms in UpdateCacheEntry; 20ms in CalculateScore(PerplexityScore); 4ms in CalculateScore(SparsityThetaScore); 14ms in CalculateScore(^^^ItemsProcessedScore^^^); ]
I0226 15:53:33.717685 24529 processor.cc:820] Processor: start processing batch 8cec64a0-5439-49b9-a507-d299fb1b6425 into model nwt
I0226 15:53:33.722275 24526 processor.cc:925] Processor: complete processing batch 64852ca8-12fe-45cd-a088-516bc25ab109 into model nwt
I0226 15:53:33.724156 24526 cuckoo_watch.h:45] 89ms in ProcessBatch(/home/diannao/Documents/java-design-patterns_processed/java-design-patterns_batches/aaaaad.batch) [including 4ms in LoadMessage; 0ms in InitializeSparseNdw; 0ms in InitializeTheta; 0ms in CreateRegularizerAgents; 42ms in InferThetaAndUpdateNwtSparse; 0ms in UpdateCacheEntry; 20ms in CalculateScore(PerplexityScore); 4ms in CalculateScore(SparsityThetaScore); 14ms in CalculateScore(^^^ItemsProcessedScore^^^); ]
I0226 15:53:33.744537 24526 processor.cc:740] No data in processing queue, waiting...
I0226 15:53:33.776129 24529 processor.cc:925] Processor: complete processing batch 8cec64a0-5439-49b9-a507-d299fb1b6425 into model nwt
I0226 15:53:33.777380 24529 cuckoo_watch.h:45] 64ms in ProcessBatch(/home/diannao/Documents/java-design-patterns_processed/java-design-patterns_batches/aaaaai.batch) [including 4ms in LoadMessage; 0ms in InitializeSparseNdw; 0ms in InitializeTheta; 0ms in CreateRegularizerAgents; 30ms in InferThetaAndUpdateNwtSparse; 0ms in UpdateCacheEntry; 14ms in CalculateScore(PerplexityScore); 2ms in CalculateScore(SparsityThetaScore); 9ms in CalculateScore(^^^ItemsProcessedScore^^^); ]
I0226 15:53:33.781644 24528 processor.cc:925] Processor: complete processing batch 89725da0-82a8-4b48-9395-7ea4484d53ee into model nwt
I0226 15:53:33.783475 24528 cuckoo_watch.h:45] 86ms in ProcessBatch(/home/diannao/Documents/java-design-patterns_processed/java-design-patterns_batches/aaaaah.batch) [including 4ms in LoadMessage; 0ms in InitializeSparseNdw; 0ms in InitializeTheta; 0ms in CreateRegularizerAgents; 40ms in InferThetaAndUpdateNwtSparse; 0ms in UpdateCacheEntry; 19ms in CalculateScore(PerplexityScore); 4ms in CalculateScore(SparsityThetaScore); 14ms in CalculateScore(^^^ItemsProcessedScore^^^); ]
I0226 15:53:33.784729 24527 processor.cc:925] Processor: complete processing batch ee218d30-8fea-46b4-9ab7-70b3e051a7c6 into model nwt
I0226 15:53:33.785925 24527 cuckoo_watch.h:45] 84ms in ProcessBatch(/home/diannao/Documents/java-design-patterns_processed/java-design-patterns_batches/aaaaaa.batch) [including 4ms in LoadMessage; 0ms in InitializeSparseNdw; 0ms in InitializeTheta; 0ms in CreateRegularizerAgents; 38ms in InferThetaAndUpdateNwtSparse; 0ms in UpdateCacheEntry; 20ms in CalculateScore(PerplexityScore); 5ms in CalculateScore(SparsityThetaScore); 13ms in CalculateScore(^^^ItemsProcessedScore^^^); ]
I0226 15:53:33.786701 23947 master_component.cc:1436] RegularizeModelArgs: rwt_target_name=rwt, pwt_source_name=pwt, nwt_source_name=nwt
I0226 15:53:33.786713 23947 master_component.cc:976] MasterComponent: start regularizing model pwt
I0226 15:53:33.797894 24529 processor.cc:740] No data in processing queue, waiting...
I0226 15:53:33.804082 24528 processor.cc:740] No data in processing queue, waiting...
I0226 15:53:33.806666 24527 processor.cc:740] No data in processing queue, waiting...
I0226 15:53:33.915818 23947 master_component.cc:1002] MasterComponent: complete regularizing model pwt
I0226 15:53:33.915844 23947 master_component.cc:1449] NormalizeModelArgs: pwt_target_name=pwt, nwt_source_name=nwt, rwt_source_name=rwt
I0226 15:53:33.915848 23947 master_component.cc:1006] MasterComponent: start normalizing model nwt
I0226 15:53:33.960741 23947 master_component.cc:1034] MasterComponent: complete normalizing model nwt
I0226 15:53:34.056583 23947 master_component.cc:1473] DisposeModel rwt
I0226 15:53:34.058763 23947 master_component.cc:1059] FitOffline: ItemsProcessed, num_items=11164, num_batches=12, token_weight=693800, token_weight_in_effect=693800
I0226 15:53:34.059016 23947 c_interface.cc:389] Pass FitOfflineMasterModelArgs, batch_filename_size=12, batch_weight_size=12, num_collection_passes=1, reset_nwt=yes to MN4artm4core15MasterComponentEFvRKNS_25FitOfflineMasterModelArgsEE
I0226 15:53:34.059047 23947 master_component.cc:1398] ProcessBatchesArgs: nwt_target_name=nwt, batch_filename_size=12, batch_size=0, batch_weight_size=12, pwt_source_name=pwt, num_document_passes=1, regularizer=(name:SparseTheta, tau:-0.15), regularizer=(name:SparsePhi, tau:-0.1), regularizer=(name:DecorrelatorPhi, tau:150000), reuse_theta=no, opt_for_avx=yes, predict_class_id=, reset_nwt=yes
I0226 15:53:34.070912 24528 processor.cc:747] Processing queue has data, processing started
I0226 15:53:34.071053 24527 processor.cc:747] Processing queue has data, processing started
I0226 15:53:34.072212 24529 processor.cc:747] Processing queue has data, processing started
I0226 15:53:34.074663 24527 processor.cc:820] Processor: start processing batch a0797a75-d777-4932-99c5-388ce6d19fdc into model nwt
I0226 15:53:34.075640 24528 processor.cc:820] Processor: start processing batch 04e3ab91-276b-43e1-b1f0-05eaa3aa2a5b into model nwt
I0226 15:53:34.076479 24529 processor.cc:820] Processor: start processing batch f96f3568-856f-4ba0-baf1-eebea13f5754 into model nwt
I0226 15:53:34.078423 24526 processor.cc:747] Processing queue has data, processing started
I0226 15:53:34.082715 24526 processor.cc:820] Processor: start processing batch 2dfb68b5-23fc-4e06-8b86-c9da80285ec2 into model nwt
I0226 15:53:34.156081 24528 processor.cc:925] Processor: complete processing batch 04e3ab91-276b-43e1-b1f0-05eaa3aa2a5b into model nwt
I0226 15:53:34.157716 24529 processor.cc:925] Processor: complete processing batch f96f3568-856f-4ba0-baf1-eebea13f5754 into model nwt
I0226 15:53:34.157922 24528 cuckoo_watch.h:45] 86ms in ProcessBatch(/home/diannao/Documents/java-design-patterns_processed/java-design-patterns_batches/aaaaac.batch) [including 4ms in LoadMessage; 0ms in InitializeSparseNdw; 0ms in InitializeTheta; 0ms in CreateRegularizerAgents; 39ms in InferThetaAndUpdateNwtSparse; 1ms in UpdateCacheEntry; 20ms in CalculateScore(PerplexityScore); 4ms in CalculateScore(SparsityThetaScore); 13ms in CalculateScore(^^^ItemsProcessedScore^^^); ]
I0226 15:53:34.158977 24527 processor.cc:925] Processor: complete processing batch a0797a75-d777-4932-99c5-388ce6d19fdc into model nwt
I0226 15:53:34.159732 24529 cuckoo_watch.h:45] 87ms in ProcessBatch(/home/diannao/Documents/java-design-patterns_processed/java-design-patterns_batches/aaaaaf.batch) [including 4ms in LoadMessage; 0ms in InitializeSparseNdw; 0ms in InitializeTheta; 0ms in CreateRegularizerAgents; 40ms in InferThetaAndUpdateNwtSparse; 0ms in UpdateCacheEntry; 20ms in CalculateScore(PerplexityScore); 5ms in CalculateScore(SparsityThetaScore); 13ms in CalculateScore(^^^ItemsProcessedScore^^^); ]
I0226 15:53:34.161065 24527 cuckoo_watch.h:45] 89ms in ProcessBatch(/home/diannao/Documents/java-design-patterns_processed/java-design-patterns_batches/aaaaae.batch) [including 3ms in LoadMessage; 0ms in InitializeSparseNdw; 0ms in InitializeTheta; 0ms in CreateRegularizerAgents; 41ms in InferThetaAndUpdateNwtSparse; 1ms in UpdateCacheEntry; 21ms in CalculateScore(PerplexityScore); 5ms in CalculateScore(SparsityThetaScore); 14ms in CalculateScore(^^^ItemsProcessedScore^^^); ]
I0226 15:53:34.162293 24528 processor.cc:820] Processor: start processing batch b0c63fb6-4b36-4282-8cdc-e90bf10a407c into model nwt
I0226 15:53:34.164368 24529 processor.cc:820] Processor: start processing batch 9a5a54df-72a5-4028-9ba1-33b3287c4926 into model nwt
I0226 15:53:34.165627 24527 processor.cc:820] Processor: start processing batch ce865d53-49e4-4138-ae60-aa72b0428ce6 into model nwt
I0226 15:53:34.168406 24526 processor.cc:925] Processor: complete processing batch 2dfb68b5-23fc-4e06-8b86-c9da80285ec2 into model nwt
I0226 15:53:34.170269 24526 cuckoo_watch.h:45] 91ms in ProcessBatch(/home/diannao/Documents/java-design-patterns_processed/java-design-patterns_batches/aaaaak.batch) [including 4ms in LoadMessage; 0ms in InitializeSparseNdw; 0ms in InitializeTheta; 0ms in CreateRegularizerAgents; 42ms in InferThetaAndUpdateNwtSparse; 0ms in UpdateCacheEntry; 21ms in CalculateScore(PerplexityScore); 5ms in CalculateScore(SparsityThetaScore); 15ms in CalculateScore(^^^ItemsProcessedScore^^^); ]
I0226 15:53:34.171067 24526 processor.cc:820] Processor: start processing batch 0578385a-9428-4774-8f72-0ec0816a0a58 into model nwt
I0226 15:53:34.184442 24526 processor.cc:925] Processor: complete processing batch 0578385a-9428-4774-8f72-0ec0816a0a58 into model nwt
I0226 15:53:34.184832 24526 cuckoo_watch.h:45] 14ms in ProcessBatch(/home/diannao/Documents/java-design-patterns_processed/java-design-patterns_batches/aaaaal.batch) [including 0ms in LoadMessage; 0ms in InitializeSparseNdw; 0ms in InitializeTheta; 0ms in CreateRegularizerAgents; 6ms in InferThetaAndUpdateNwtSparse; 0ms in UpdateCacheEntry; 3ms in CalculateScore(PerplexityScore); 0ms in CalculateScore(SparsityThetaScore); 2ms in CalculateScore(^^^ItemsProcessedScore^^^); ]
I0226 15:53:34.189487 24526 processor.cc:820] Processor: start processing batch 64852ca8-12fe-45cd-a088-516bc25ab109 into model nwt
I0226 15:53:34.246129 24528 processor.cc:925] Processor: complete processing batch b0c63fb6-4b36-4282-8cdc-e90bf10a407c into model nwt
I0226 15:53:34.248047 24529 processor.cc:925] Processor: complete processing batch 9a5a54df-72a5-4028-9ba1-33b3287c4926 into model nwt
I0226 15:53:34.248090 24528 cuckoo_watch.h:45] 90ms in ProcessBatch(/home/diannao/Documents/java-design-patterns_processed/java-design-patterns_batches/aaaaab.batch) [including 4ms in LoadMessage; 0ms in InitializeSparseNdw; 0ms in InitializeTheta; 0ms in CreateRegularizerAgents; 41ms in InferThetaAndUpdateNwtSparse; 0ms in UpdateCacheEntry; 21ms in CalculateScore(PerplexityScore); 5ms in CalculateScore(SparsityThetaScore); 14ms in CalculateScore(^^^ItemsProcessedScore^^^); ]
I0226 15:53:34.249946 24529 cuckoo_watch.h:45] 90ms in ProcessBatch(/home/diannao/Documents/java-design-patterns_processed/java-design-patterns_batches/aaaaaj.batch) [including 4ms in LoadMessage; 0ms in InitializeSparseNdw; 0ms in InitializeTheta; 0ms in CreateRegularizerAgents; 41ms in InferThetaAndUpdateNwtSparse; 0ms in UpdateCacheEntry; 21ms in CalculateScore(PerplexityScore); 5ms in CalculateScore(SparsityThetaScore); 14ms in CalculateScore(^^^ItemsProcessedScore^^^); ]
I0226 15:53:34.251273 24527 processor.cc:925] Processor: complete processing batch ce865d53-49e4-4138-ae60-aa72b0428ce6 into model nwt
I0226 15:53:34.252317 24528 processor.cc:820] Processor: start processing batch 89725da0-82a8-4b48-9395-7ea4484d53ee into model nwt
I0226 15:53:34.253434 24527 cuckoo_watch.h:45] 92ms in ProcessBatch(/home/diannao/Documents/java-design-patterns_processed/java-design-patterns_batches/aaaaag.batch) [including 4ms in LoadMessage; 0ms in InitializeSparseNdw; 0ms in InitializeTheta; 0ms in CreateRegularizerAgents; 42ms in InferThetaAndUpdateNwtSparse; 0ms in UpdateCacheEntry; 21ms in CalculateScore(PerplexityScore); 5ms in CalculateScore(SparsityThetaScore); 15ms in CalculateScore(^^^ItemsProcessedScore^^^); ]
I0226 15:53:34.254417 24529 processor.cc:820] Processor: start processing batch ee218d30-8fea-46b4-9ab7-70b3e051a7c6 into model nwt
I0226 15:53:34.257737 24527 processor.cc:820] Processor: start processing batch 8cec64a0-5439-49b9-a507-d299fb1b6425 into model nwt
I0226 15:53:34.275233 24526 processor.cc:925] Processor: complete processing batch 64852ca8-12fe-45cd-a088-516bc25ab109 into model nwt
I0226 15:53:34.277282 24526 cuckoo_watch.h:45] 92ms in ProcessBatch(/home/diannao/Documents/java-design-patterns_processed/java-design-patterns_batches/aaaaad.batch) [including 4ms in LoadMessage; 0ms in InitializeSparseNdw; 0ms in InitializeTheta; 0ms in CreateRegularizerAgents; 42ms in InferThetaAndUpdateNwtSparse; 0ms in UpdateCacheEntry; 21ms in CalculateScore(PerplexityScore); 4ms in CalculateScore(SparsityThetaScore); 14ms in CalculateScore(^^^ItemsProcessedScore^^^); ]
I0226 15:53:34.297919 24526 processor.cc:740] No data in processing queue, waiting...
I0226 15:53:34.317180 24528 processor.cc:925] Processor: complete processing batch 89725da0-82a8-4b48-9395-7ea4484d53ee into model nwt
I0226 15:53:34.318473 24528 cuckoo_watch.h:45] 70ms in ProcessBatch(/home/diannao/Documents/java-design-patterns_processed/java-design-patterns_batches/aaaaah.batch) [including 4ms in LoadMessage; 0ms in InitializeSparseNdw; 0ms in InitializeTheta; 0ms in CreateRegularizerAgents; 36ms in InferThetaAndUpdateNwtSparse; 0ms in UpdateCacheEntry; 14ms in CalculateScore(PerplexityScore); 3ms in CalculateScore(SparsityThetaScore); 9ms in CalculateScore(^^^ItemsProcessedScore^^^); ]
I0226 15:53:34.331862 24529 processor.cc:925] Processor: complete processing batch ee218d30-8fea-46b4-9ab7-70b3e051a7c6 into model nwt
I0226 15:53:34.333132 24529 cuckoo_watch.h:45] 83ms in ProcessBatch(/home/diannao/Documents/java-design-patterns_processed/java-design-patterns_batches/aaaaaa.batch) [including 4ms in LoadMessage; 0ms in InitializeSparseNdw; 0ms in InitializeTheta; 0ms in CreateRegularizerAgents; 40ms in InferThetaAndUpdateNwtSparse; 0ms in UpdateCacheEntry; 20ms in CalculateScore(PerplexityScore); 4ms in CalculateScore(SparsityThetaScore); 10ms in CalculateScore(^^^ItemsProcessedScore^^^); ]
I0226 15:53:34.336613 24527 processor.cc:925] Processor: complete processing batch 8cec64a0-5439-49b9-a507-d299fb1b6425 into model nwt
I0226 15:53:34.337855 24527 cuckoo_watch.h:45] 84ms in ProcessBatch(/home/diannao/Documents/java-design-patterns_processed/java-design-patterns_batches/aaaaai.batch) [including 4ms in LoadMessage; 0ms in InitializeSparseNdw; 0ms in InitializeTheta; 0ms in CreateRegularizerAgents; 42ms in InferThetaAndUpdateNwtSparse; 0ms in UpdateCacheEntry; 20ms in CalculateScore(PerplexityScore); 5ms in CalculateScore(SparsityThetaScore); 9ms in CalculateScore(^^^ItemsProcessedScore^^^); ]
I0226 15:53:34.338750 24528 processor.cc:740] No data in processing queue, waiting...
I0226 15:53:34.338846 23947 master_component.cc:1436] RegularizeModelArgs: rwt_target_name=rwt, pwt_source_name=pwt, nwt_source_name=nwt
I0226 15:53:34.338857 23947 master_component.cc:976] MasterComponent: start regularizing model pwt
I0226 15:53:34.353929 24529 processor.cc:740] No data in processing queue, waiting...
I0226 15:53:34.357950 24527 processor.cc:740] No data in processing queue, waiting...
I0226 15:53:34.468505 23947 master_component.cc:1002] MasterComponent: complete regularizing model pwt
I0226 15:53:34.468533 23947 master_component.cc:1449] NormalizeModelArgs: pwt_target_name=pwt, nwt_source_name=nwt, rwt_source_name=rwt
I0226 15:53:34.468538 23947 master_component.cc:1006] MasterComponent: start normalizing model nwt
I0226 15:53:34.514498 23947 master_component.cc:1034] MasterComponent: complete normalizing model nwt
I0226 15:53:34.606464 23947 master_component.cc:1473] DisposeModel rwt
I0226 15:53:34.608927 23947 master_component.cc:1059] FitOffline: ItemsProcessed, num_items=11164, num_batches=12, token_weight=693800, token_weight_in_effect=693800
I0226 15:53:34.609138 23947 c_interface.cc:389] Pass FitOfflineMasterModelArgs, batch_filename_size=12, batch_weight_size=12, num_collection_passes=1, reset_nwt=yes to MN4artm4core15MasterComponentEFvRKNS_25FitOfflineMasterModelArgsEE
I0226 15:53:34.609174 23947 master_component.cc:1398] ProcessBatchesArgs: nwt_target_name=nwt, batch_filename_size=12, batch_size=0, batch_weight_size=12, pwt_source_name=pwt, num_document_passes=1, regularizer=(name:SparseTheta, tau:-0.15), regularizer=(name:SparsePhi, tau:-0.1), regularizer=(name:DecorrelatorPhi, tau:150000), reuse_theta=no, opt_for_avx=yes, predict_class_id=, reset_nwt=yes
I0226 15:53:34.620769 24526 processor.cc:747] Processing queue has data, processing started
I0226 15:53:34.620972 24529 processor.cc:747] Processing queue has data, processing started
I0226 15:53:34.622138 24527 processor.cc:747] Processing queue has data, processing started
I0226 15:53:34.624554 24529 processor.cc:820] Processor: start processing batch a0797a75-d777-4932-99c5-388ce6d19fdc into model nwt
I0226 15:53:34.625557 24526 processor.cc:820] Processor: start processing batch 04e3ab91-276b-43e1-b1f0-05eaa3aa2a5b into model nwt
I0226 15:53:34.626327 24527 processor.cc:820] Processor: start processing batch f96f3568-856f-4ba0-baf1-eebea13f5754 into model nwt
I0226 15:53:34.627180 24528 processor.cc:747] Processing queue has data, processing started
I0226 15:53:34.631620 24528 processor.cc:820] Processor: start processing batch 2dfb68b5-23fc-4e06-8b86-c9da80285ec2 into model nwt
I0226 15:53:34.704416 24526 processor.cc:925] Processor: complete processing batch 04e3ab91-276b-43e1-b1f0-05eaa3aa2a5b into model nwt
I0226 15:53:34.706254 24526 cuckoo_watch.h:45] 85ms in ProcessBatch(/home/diannao/Documents/java-design-patterns_processed/java-design-patterns_batches/aaaaac.batch) [including 4ms in LoadMessage; 0ms in InitializeSparseNdw; 0ms in InitializeTheta; 0ms in CreateRegularizerAgents; 37ms in InferThetaAndUpdateNwtSparse; 0ms in UpdateCacheEntry; 21ms in CalculateScore(PerplexityScore); 4ms in CalculateScore(SparsityThetaScore); 13ms in CalculateScore(^^^ItemsProcessedScore^^^); ]
I0226 15:53:34.706682 24529 processor.cc:925] Processor: complete processing batch a0797a75-d777-4932-99c5-388ce6d19fdc into model nwt
I0226 15:53:34.708629 24529 cuckoo_watch.h:45] 87ms in ProcessBatch(/home/diannao/Documents/java-design-patterns_processed/java-design-patterns_batches/aaaaae.batch) [including 3ms in LoadMessage; 0ms in InitializeSparseNdw; 0ms in InitializeTheta; 0ms in CreateRegularizerAgents; 38ms in InferThetaAndUpdateNwtSparse; 0ms in UpdateCacheEntry; 22ms in CalculateScore(PerplexityScore); 5ms in CalculateScore(SparsityThetaScore); 14ms in CalculateScore(^^^ItemsProcessedScore^^^); ]
I0226 15:53:34.710708 24526 processor.cc:820] Processor: start processing batch b0c63fb6-4b36-4282-8cdc-e90bf10a407c into model nwt
I0226 15:53:34.710702 24527 processor.cc:925] Processor: complete processing batch f96f3568-856f-4ba0-baf1-eebea13f5754 into model nwt
I0226 15:53:34.712779 24527 cuckoo_watch.h:45] 90ms in ProcessBatch(/home/diannao/Documents/java-design-patterns_processed/java-design-patterns_batches/aaaaaf.batch) [including 4ms in LoadMessage; 0ms in InitializeSparseNdw; 0ms in InitializeTheta; 0ms in CreateRegularizerAgents; 40ms in InferThetaAndUpdateNwtSparse; 0ms in UpdateCacheEntry; 22ms in CalculateScore(PerplexityScore); 5ms in CalculateScore(SparsityThetaScore); 14ms in CalculateScore(^^^ItemsProcessedScore^^^); ]
I0226 15:53:34.713091 24529 processor.cc:820] Processor: start processing batch 9a5a54df-72a5-4028-9ba1-33b3287c4926 into model nwt
I0226 15:53:34.715359 24528 processor.cc:925] Processor: complete processing batch 2dfb68b5-23fc-4e06-8b86-c9da80285ec2 into model nwt
I0226 15:53:34.717233 24527 processor.cc:820] Processor: start processing batch ce865d53-49e4-4138-ae60-aa72b0428ce6 into model nwt
I0226 15:53:34.717317 24528 cuckoo_watch.h:45] 90ms in ProcessBatch(/home/diannao/Documents/java-design-patterns_processed/java-design-patterns_batches/aaaaak.batch) [including 4ms in LoadMessage; 0ms in InitializeSparseNdw; 0ms in InitializeTheta; 0ms in CreateRegularizerAgents; 39ms in InferThetaAndUpdateNwtSparse; 0ms in UpdateCacheEntry; 22ms in CalculateScore(PerplexityScore); 5ms in CalculateScore(SparsityThetaScore); 15ms in CalculateScore(^^^ItemsProcessedScore^^^); ]
I0226 15:53:34.718135 24528 processor.cc:820] Processor: start processing batch 0578385a-9428-4774-8f72-0ec0816a0a58 into model nwt
I0226 15:53:34.731487 24528 processor.cc:925] Processor: complete processing batch 0578385a-9428-4774-8f72-0ec0816a0a58 into model nwt
I0226 15:53:34.731942 24528 cuckoo_watch.h:45] 14ms in ProcessBatch(/home/diannao/Documents/java-design-patterns_processed/java-design-patterns_batches/aaaaal.batch) [including 0ms in LoadMessage; 0ms in InitializeSparseNdw; 0ms in InitializeTheta; 0ms in CreateRegularizerAgents; 6ms in InferThetaAndUpdateNwtSparse; 0ms in UpdateCacheEntry; 3ms in CalculateScore(PerplexityScore); 0ms in CalculateScore(SparsityThetaScore); 2ms in CalculateScore(^^^ItemsProcessedScore^^^); ]
I0226 15:53:34.736580 24528 processor.cc:820] Processor: start processing batch 64852ca8-12fe-45cd-a088-516bc25ab109 into model nwt
I0226 15:53:34.793726 24526 processor.cc:925] Processor: complete processing batch b0c63fb6-4b36-4282-8cdc-e90bf10a407c into model nwt
I0226 15:53:34.795503 24529 processor.cc:925] Processor: complete processing batch 9a5a54df-72a5-4028-9ba1-33b3287c4926 into model nwt
I0226 15:53:34.795733 24526 cuckoo_watch.h:45] 89ms in ProcessBatch(/home/diannao/Documents/java-design-patterns_processed/java-design-patterns_batches/aaaaab.batch) [including 4ms in LoadMessage; 0ms in InitializeSparseNdw; 0ms in InitializeTheta; 0ms in CreateRegularizerAgents; 39ms in InferThetaAndUpdateNwtSparse; 0ms in UpdateCacheEntry; 22ms in CalculateScore(PerplexityScore); 5ms in CalculateScore(SparsityThetaScore); 14ms in CalculateScore(^^^ItemsProcessedScore^^^); ]
I0226 15:53:34.797394 24529 cuckoo_watch.h:45] 88ms in ProcessBatch(/home/diannao/Documents/java-design-patterns_processed/java-design-patterns_batches/aaaaaj.batch) [including 4ms in LoadMessage; 0ms in InitializeSparseNdw; 0ms in InitializeTheta; 0ms in CreateRegularizerAgents; 38ms in InferThetaAndUpdateNwtSparse; 0ms in UpdateCacheEntry; 22ms in CalculateScore(PerplexityScore); 5ms in CalculateScore(SparsityThetaScore); 14ms in CalculateScore(^^^ItemsProcessedScore^^^); ]
I0226 15:53:34.800097 24526 processor.cc:820] Processor: start processing batch 89725da0-82a8-4b48-9395-7ea4484d53ee into model nwt
I0226 15:53:34.801844 24529 processor.cc:820] Processor: start processing batch ee218d30-8fea-46b4-9ab7-70b3e051a7c6 into model nwt
I0226 15:53:34.802155 24527 processor.cc:925] Processor: complete processing batch ce865d53-49e4-4138-ae60-aa72b0428ce6 into model nwt
I0226 15:53:34.804369 24527 cuckoo_watch.h:45] 91ms in ProcessBatch(/home/diannao/Documents/java-design-patterns_processed/java-design-patterns_batches/aaaaag.batch) [including 4ms in LoadMessage; 0ms in InitializeSparseNdw; 0ms in InitializeTheta; 0ms in CreateRegularizerAgents; 39ms in InferThetaAndUpdateNwtSparse; 0ms in UpdateCacheEntry; 22ms in CalculateScore(PerplexityScore); 5ms in CalculateScore(SparsityThetaScore); 15ms in CalculateScore(^^^ItemsProcessedScore^^^); ]
I0226 15:53:34.808706 24527 processor.cc:820] Processor: start processing batch 8cec64a0-5439-49b9-a507-d299fb1b6425 into model nwt
I0226 15:53:34.822868 24528 processor.cc:925] Processor: complete processing batch 64852ca8-12fe-45cd-a088-516bc25ab109 into model nwt
I0226 15:53:34.824914 24528 cuckoo_watch.h:45] 92ms in ProcessBatch(/home/diannao/Documents/java-design-patterns_processed/java-design-patterns_batches/aaaaad.batch) [including 4ms in LoadMessage; 0ms in InitializeSparseNdw; 0ms in InitializeTheta; 0ms in CreateRegularizerAgents; 40ms in InferThetaAndUpdateNwtSparse; 1ms in UpdateCacheEntry; 23ms in CalculateScore(PerplexityScore); 5ms in CalculateScore(SparsityThetaScore); 14ms in CalculateScore(^^^ItemsProcessedScore^^^); ]
I0226 15:53:34.845306 24528 processor.cc:740] No data in processing queue, waiting...
I0226 15:53:34.864616 24529 processor.cc:925] Processor: complete processing batch ee218d30-8fea-46b4-9ab7-70b3e051a7c6 into model nwt
I0226 15:53:34.865856 24529 cuckoo_watch.h:45] 68ms in ProcessBatch(/home/diannao/Documents/java-design-patterns_processed/java-design-patterns_batches/aaaaaa.batch) [including 4ms in LoadMessage; 0ms in InitializeSparseNdw; 0ms in InitializeTheta; 0ms in CreateRegularizerAgents; 33ms in InferThetaAndUpdateNwtSparse; 0ms in UpdateCacheEntry; 15ms in CalculateScore(PerplexityScore); 3ms in CalculateScore(SparsityThetaScore); 9ms in CalculateScore(^^^ItemsProcessedScore^^^); ]
I0226 15:53:34.880770 24526 processor.cc:925] Processor: complete processing batch 89725da0-82a8-4b48-9395-7ea4484d53ee into model nwt
I0226 15:53:34.882690 24526 cuckoo_watch.h:45] 86ms in ProcessBatch(/home/diannao/Documents/java-design-patterns_processed/java-design-patterns_batches/aaaaah.batch) [including 4ms in LoadMessage; 0ms in InitializeSparseNdw; 0ms in InitializeTheta; 0ms in CreateRegularizerAgents; 38ms in InferThetaAndUpdateNwtSparse; 0ms in UpdateCacheEntry; 21ms in CalculateScore(PerplexityScore); 5ms in CalculateScore(SparsityThetaScore); 13ms in CalculateScore(^^^ItemsProcessedScore^^^); ]
I0226 15:53:34.886319 24529 processor.cc:740] No data in processing queue, waiting...
I0226 15:53:34.887830 24527 processor.cc:925] Processor: complete processing batch 8cec64a0-5439-49b9-a507-d299fb1b6425 into model nwt
I0226 15:53:34.889039 24527 cuckoo_watch.h:45] 84ms in ProcessBatch(/home/diannao/Documents/java-design-patterns_processed/java-design-patterns_batches/aaaaai.batch) [including 4ms in LoadMessage; 0ms in InitializeSparseNdw; 0ms in InitializeTheta; 0ms in CreateRegularizerAgents; 38ms in InferThetaAndUpdateNwtSparse; 0ms in UpdateCacheEntry; 21ms in CalculateScore(PerplexityScore); 5ms in CalculateScore(SparsityThetaScore); 11ms in CalculateScore(^^^ItemsProcessedScore^^^); ]
I0226 15:53:34.889827 23947 master_component.cc:1436] RegularizeModelArgs: rwt_target_name=rwt, pwt_source_name=pwt, nwt_source_name=nwt
I0226 15:53:34.889838 23947 master_component.cc:976] MasterComponent: start regularizing model pwt
I0226 15:53:34.903354 24526 processor.cc:740] No data in processing queue, waiting...
I0226 15:53:34.909943 24527 processor.cc:740] No data in processing queue, waiting...
I0226 15:53:35.018977 23947 master_component.cc:1002] MasterComponent: complete regularizing model pwt
I0226 15:53:35.019006 23947 master_component.cc:1449] NormalizeModelArgs: pwt_target_name=pwt, nwt_source_name=nwt, rwt_source_name=rwt
I0226 15:53:35.019011 23947 master_component.cc:1006] MasterComponent: start normalizing model nwt
I0226 15:53:35.062387 23947 master_component.cc:1034] MasterComponent: complete normalizing model nwt
I0226 15:53:35.169423 23947 master_component.cc:1473] DisposeModel rwt
I0226 15:53:35.172071 23947 master_component.cc:1059] FitOffline: ItemsProcessed, num_items=11164, num_batches=12, token_weight=693800, token_weight_in_effect=693800
I0226 15:53:35.172272 23947 c_interface.cc:389] Pass FitOfflineMasterModelArgs, batch_filename_size=12, batch_weight_size=12, num_collection_passes=1, reset_nwt=yes to MN4artm4core15MasterComponentEFvRKNS_25FitOfflineMasterModelArgsEE
I0226 15:53:35.172302 23947 master_component.cc:1398] ProcessBatchesArgs: nwt_target_name=nwt, batch_filename_size=12, batch_size=0, batch_weight_size=12, pwt_source_name=pwt, num_document_passes=1, regularizer=(name:SparseTheta, tau:-0.15), regularizer=(name:SparsePhi, tau:-0.1), regularizer=(name:DecorrelatorPhi, tau:150000), reuse_theta=no, opt_for_avx=yes, predict_class_id=, reset_nwt=yes
I0226 15:53:35.184350 24527 processor.cc:747] Processing queue has data, processing started
I0226 15:53:35.184376 24526 processor.cc:747] Processing queue has data, processing started
I0226 15:53:35.184669 24529 processor.cc:747] Processing queue has data, processing started
I0226 15:53:35.187430 24528 processor.cc:747] Processing queue has data, processing started
I0226 15:53:35.188812 24527 processor.cc:820] Processor: start processing batch 04e3ab91-276b-43e1-b1f0-05eaa3aa2a5b into model nwt
I0226 15:53:35.188889 24526 processor.cc:820] Processor: start processing batch a0797a75-d777-4932-99c5-388ce6d19fdc into model nwt
I0226 15:53:35.192809 24529 processor.cc:820] Processor: start processing batch f96f3568-856f-4ba0-baf1-eebea13f5754 into model nwt
I0226 15:53:35.193214 24528 processor.cc:820] Processor: start processing batch 2dfb68b5-23fc-4e06-8b86-c9da80285ec2 into model nwt
I0226 15:53:35.266330 24527 processor.cc:925] Processor: complete processing batch 04e3ab91-276b-43e1-b1f0-05eaa3aa2a5b into model nwt
I0226 15:53:35.268260 24527 cuckoo_watch.h:45] 83ms in ProcessBatch(/home/diannao/Documents/java-design-patterns_processed/java-design-patterns_batches/aaaaac.batch) [including 4ms in LoadMessage; 0ms in InitializeSparseNdw; 0ms in InitializeTheta; 0ms in CreateRegularizerAgents; 35ms in InferThetaAndUpdateNwtSparse; 0ms in UpdateCacheEntry; 21ms in CalculateScore(PerplexityScore); 5ms in CalculateScore(SparsityThetaScore); 14ms in CalculateScore(^^^ItemsProcessedScore^^^); ]
I0226 15:53:35.269546 24526 processor.cc:925] Processor: complete processing batch a0797a75-d777-4932-99c5-388ce6d19fdc into model nwt
I0226 15:53:35.271543 24526 cuckoo_watch.h:45] 87ms in ProcessBatch(/home/diannao/Documents/java-design-patterns_processed/java-design-patterns_batches/aaaaae.batch) [including 4ms in LoadMessage; 0ms in InitializeSparseNdw; 0ms in InitializeTheta; 0ms in CreateRegularizerAgents; 37ms in InferThetaAndUpdateNwtSparse; 0ms in UpdateCacheEntry; 21ms in CalculateScore(PerplexityScore); 5ms in CalculateScore(SparsityThetaScore); 14ms in CalculateScore(^^^ItemsProcessedScore^^^); ]
I0226 15:53:35.273160 24527 processor.cc:820] Processor: start processing batch b0c63fb6-4b36-4282-8cdc-e90bf10a407c into model nwt
I0226 15:53:35.275210 24528 processor.cc:925] Processor: complete processing batch 2dfb68b5-23fc-4e06-8b86-c9da80285ec2 into model nwt
I0226 15:53:35.275877 24526 processor.cc:820] Processor: start processing batch 9a5a54df-72a5-4028-9ba1-33b3287c4926 into model nwt
I0226 15:53:35.276127 24529 processor.cc:925] Processor: complete processing batch f96f3568-856f-4ba0-baf1-eebea13f5754 into model nwt
I0226 15:53:35.277556 24528 cuckoo_watch.h:45] 90ms in ProcessBatch(/home/diannao/Documents/java-design-patterns_processed/java-design-patterns_batches/aaaaak.batch) [including 5ms in LoadMessage; 0ms in InitializeSparseNdw; 0ms in InitializeTheta; 0ms in CreateRegularizerAgents; 37ms in InferThetaAndUpdateNwtSparse; 0ms in UpdateCacheEntry; 22ms in CalculateScore(PerplexityScore); 5ms in CalculateScore(SparsityThetaScore); 15ms in CalculateScore(^^^ItemsProcessedScore^^^); ]
I0226 15:53:35.278266 24529 cuckoo_watch.h:45] 93ms in ProcessBatch(/home/diannao/Documents/java-design-patterns_processed/java-design-patterns_batches/aaaaaf.batch) [including 8ms in LoadMessage; 0ms in InitializeSparseNdw; 0ms in InitializeTheta; 0ms in CreateRegularizerAgents; 39ms in InferThetaAndUpdateNwtSparse; 0ms in UpdateCacheEntry; 22ms in CalculateScore(PerplexityScore); 5ms in CalculateScore(SparsityThetaScore); 15ms in CalculateScore(^^^ItemsProcessedScore^^^); ]
I0226 15:53:35.279108 24529 processor.cc:820] Processor: start processing batch 0578385a-9428-4774-8f72-0ec0816a0a58 into model nwt
I0226 15:53:35.282037 24528 processor.cc:820] Processor: start processing batch ce865d53-49e4-4138-ae60-aa72b0428ce6 into model nwt
I0226 15:53:35.292276 24529 processor.cc:925] Processor: complete processing batch 0578385a-9428-4774-8f72-0ec0816a0a58 into model nwt
I0226 15:53:35.292685 24529 cuckoo_watch.h:45] 14ms in ProcessBatch(/home/diannao/Documents/java-design-patterns_processed/java-design-patterns_batches/aaaaal.batch) [including 0ms in LoadMessage; 0ms in InitializeSparseNdw; 0ms in InitializeTheta; 0ms in CreateRegularizerAgents; 6ms in InferThetaAndUpdateNwtSparse; 0ms in UpdateCacheEntry; 3ms in CalculateScore(PerplexityScore); 0ms in CalculateScore(SparsityThetaScore); 2ms in CalculateScore(^^^ItemsProcessedScore^^^); ]
I0226 15:53:35.297189 24529 processor.cc:820] Processor: start processing batch 64852ca8-12fe-45cd-a088-516bc25ab109 into model nwt
I0226 15:53:35.353382 24527 processor.cc:925] Processor: complete processing batch b0c63fb6-4b36-4282-8cdc-e90bf10a407c into model nwt
I0226 15:53:35.355438 24527 cuckoo_watch.h:45] 86ms in ProcessBatch(/home/diannao/Documents/java-design-patterns_processed/java-design-patterns_batches/aaaaab.batch) [including 4ms in LoadMessage; 0ms in InitializeSparseNdw; 0ms in InitializeTheta; 0ms in CreateRegularizerAgents; 37ms in InferThetaAndUpdateNwtSparse; 0ms in UpdateCacheEntry; 22ms in CalculateScore(PerplexityScore); 5ms in CalculateScore(SparsityThetaScore); 14ms in CalculateScore(^^^ItemsProcessedScore^^^); ]
I0226 15:53:35.357496 24526 processor.cc:925] Processor: complete processing batch 9a5a54df-72a5-4028-9ba1-33b3287c4926 into model nwt
